Archive member included to satisfy reference by file (symbol)

D:/ST/STM32CubeIDE_1.14.0/STM32CubeIDE/plugins/com.st.stm32cube.ide.mcu.externaltools.gnu-tools-for-stm32.11.3.rel1.win32_1.1.100.202309141235/tools/bin/../lib/gcc/arm-none-eabi/11.3.1/../../../../arm-none-eabi/lib/thumb/v7e-m+fp/hard\libstdc++_nano.a(del_ops.o)
                              ./Core/Src/quick_sort.o (operator delete(void*, unsigned int))
D:/ST/STM32CubeIDE_1.14.0/STM32CubeIDE/plugins/com.st.stm32cube.ide.mcu.externaltools.gnu-tools-for-stm32.11.3.rel1.win32_1.1.100.202309141235/tools/bin/../lib/gcc/arm-none-eabi/11.3.1/../../../../arm-none-eabi/lib/thumb/v7e-m+fp/hard\libstdc++_nano.a(new_op.o)
                              ./Core/Src/quick_sort.o (operator new(unsigned int))
D:/ST/STM32CubeIDE_1.14.0/STM32CubeIDE/plugins/com.st.stm32cube.ide.mcu.externaltools.gnu-tools-for-stm32.11.3.rel1.win32_1.1.100.202309141235/tools/bin/../lib/gcc/arm-none-eabi/11.3.1/../../../../arm-none-eabi/lib/thumb/v7e-m+fp/hard\libstdc++_nano.a(functexcept.o)
                              ./Core/Src/quick_sort.o (std::__throw_bad_alloc())
D:/ST/STM32CubeIDE_1.14.0/STM32CubeIDE/plugins/com.st.stm32cube.ide.mcu.externaltools.gnu-tools-for-stm32.11.3.rel1.win32_1.1.100.202309141235/tools/bin/../lib/gcc/arm-none-eabi/11.3.1/../../../../arm-none-eabi/lib/thumb/v7e-m+fp/hard\libstdc++_nano.a(snprintf_lite.o)
                              D:/ST/STM32CubeIDE_1.14.0/STM32CubeIDE/plugins/com.st.stm32cube.ide.mcu.externaltools.gnu-tools-for-stm32.11.3.rel1.win32_1.1.100.202309141235/tools/bin/../lib/gcc/arm-none-eabi/11.3.1/../../../../arm-none-eabi/lib/thumb/v7e-m+fp/hard\libstdc++_nano.a(functexcept.o) (__gnu_cxx::__snprintf_lite(char*, unsigned int, char const*, std::__va_list))
D:/ST/STM32CubeIDE_1.14.0/STM32CubeIDE/plugins/com.st.stm32cube.ide.mcu.externaltools.gnu-tools-for-stm32.11.3.rel1.win32_1.1.100.202309141235/tools/bin/../lib/gcc/arm-none-eabi/11.3.1/../../../../arm-none-eabi/lib/thumb/v7e-m+fp/hard\libstdc++_nano.a(del_op.o)
                              D:/ST/STM32CubeIDE_1.14.0/STM32CubeIDE/plugins/com.st.stm32cube.ide.mcu.externaltools.gnu-tools-for-stm32.11.3.rel1.win32_1.1.100.202309141235/tools/bin/../lib/gcc/arm-none-eabi/11.3.1/../../../../arm-none-eabi/lib/thumb/v7e-m+fp/hard\libstdc++_nano.a(del_ops.o) (operator delete(void*))
D:/ST/STM32CubeIDE_1.14.0/STM32CubeIDE/plugins/com.st.stm32cube.ide.mcu.externaltools.gnu-tools-for-stm32.11.3.rel1.win32_1.1.100.202309141235/tools/bin/../lib/gcc/arm-none-eabi/11.3.1/../../../../arm-none-eabi/lib/thumb/v7e-m+fp/hard\libstdc++_nano.a(new_handler.o)
                              D:/ST/STM32CubeIDE_1.14.0/STM32CubeIDE/plugins/com.st.stm32cube.ide.mcu.externaltools.gnu-tools-for-stm32.11.3.rel1.win32_1.1.100.202309141235/tools/bin/../lib/gcc/arm-none-eabi/11.3.1/../../../../arm-none-eabi/lib/thumb/v7e-m+fp/hard\libstdc++_nano.a(new_op.o) (std::get_new_handler())
D:/ST/STM32CubeIDE_1.14.0/STM32CubeIDE/plugins/com.st.stm32cube.ide.mcu.externaltools.gnu-tools-for-stm32.11.3.rel1.win32_1.1.100.202309141235/tools/bin/../lib/gcc/arm-none-eabi/11.3.1/../../../../arm-none-eabi/lib/thumb/v7e-m+fp/hard\libc_nano.a(libc_a-abort.o)
                              D:/ST/STM32CubeIDE_1.14.0/STM32CubeIDE/plugins/com.st.stm32cube.ide.mcu.externaltools.gnu-tools-for-stm32.11.3.rel1.win32_1.1.100.202309141235/tools/bin/../lib/gcc/arm-none-eabi/11.3.1/../../../../arm-none-eabi/lib/thumb/v7e-m+fp/hard\libstdc++_nano.a(new_op.o) (abort)
D:/ST/STM32CubeIDE_1.14.0/STM32CubeIDE/plugins/com.st.stm32cube.ide.mcu.externaltools.gnu-tools-for-stm32.11.3.rel1.win32_1.1.100.202309141235/tools/bin/../lib/gcc/arm-none-eabi/11.3.1/../../../../arm-none-eabi/lib/thumb/v7e-m+fp/hard\libc_nano.a(libc_a-exit.o)
                              D:/ST/STM32CubeIDE_1.14.0/STM32CubeIDE/plugins/com.st.stm32cube.ide.mcu.externaltools.gnu-tools-for-stm32.11.3.rel1.win32_1.1.100.202309141235/tools/bin/../lib/gcc/arm-none-eabi/11.3.1/../../../../arm-none-eabi/lib/thumb/v7e-m+fp/hard/crt0.o (exit)
D:/ST/STM32CubeIDE_1.14.0/STM32CubeIDE/plugins/com.st.stm32cube.ide.mcu.externaltools.gnu-tools-for-stm32.11.3.rel1.win32_1.1.100.202309141235/tools/bin/../lib/gcc/arm-none-eabi/11.3.1/../../../../arm-none-eabi/lib/thumb/v7e-m+fp/hard\libc_nano.a(libc_a-malloc.o)
                              ./Core/ThreadSafe/newlib_lock_glue.o (malloc)
D:/ST/STM32CubeIDE_1.14.0/STM32CubeIDE/plugins/com.st.stm32cube.ide.mcu.externaltools.gnu-tools-for-stm32.11.3.rel1.win32_1.1.100.202309141235/tools/bin/../lib/gcc/arm-none-eabi/11.3.1/../../../../arm-none-eabi/lib/thumb/v7e-m+fp/hard\libc_nano.a(libc_a-mallocr.o)
                              D:/ST/STM32CubeIDE_1.14.0/STM32CubeIDE/plugins/com.st.stm32cube.ide.mcu.externaltools.gnu-tools-for-stm32.11.3.rel1.win32_1.1.100.202309141235/tools/bin/../lib/gcc/arm-none-eabi/11.3.1/../../../../arm-none-eabi/lib/thumb/v7e-m+fp/hard\libc_nano.a(libc_a-malloc.o) (_malloc_r)
[...]
Memory Configuration

Name             Origin             Length             Attributes
RAM              0x0000000020000000 0x0000000000018000 xrw
RAM2             0x0000000010000000 0x0000000000008000 xrw
FLASH            0x0000000008000000 0x0000000000100000 xr
*default*        0x0000000000000000 0xffffffffffffffff

Linker script and memory map

LOAD D:/ST/STM32CubeIDE_1.14.0/STM32CubeIDE/plugins/com.st.stm32cube.ide.mcu.externaltools.gnu-tools-for-stm32.11.3.rel1.win32_1.1.100.202309141235/tools/bin/../lib/gcc/arm-none-eabi/11.3.1/thumb/v7e-m+fp/hard/crti.o
LOAD D:/ST/STM32CubeIDE_1.14.0/STM32CubeIDE/plugins/com.st.stm32cube.ide.mcu.externaltools.gnu-tools-for-stm32.11.3.rel1.win32_1.1.100.202309141235/tools/bin/../lib/gcc/arm-none-eabi/11.3.1/thumb/v7e-m+fp/hard/crtbegin.o
LOAD D:/ST/STM32CubeIDE_1.14.0/STM32CubeIDE/plugins/com.st.stm32cube.ide.mcu.externaltools.gnu-tools-for-stm32.11.3.rel1.win32_1.1.100.202309141235/tools/bin/../lib/gcc/arm-none-eabi/11.3.1/../../../../arm-none-eabi/lib/thumb/v7e-m+fp/hard/crt0.o
LOAD ./Core/Src/freertos.o
LOAD ./Core/Src/main.o
LOAD ./Core/Src/quick_sort.o
LOAD ./Core/Src/stm32l4xx_hal_msp.o
LOAD ./Core/Src/stm32l4xx_hal_timebase_tim.o
LOAD ./Core/Src/stm32l4xx_it.o
LOAD ./Core/Src/syscalls.o
LOAD ./Core/Src/sysmem.o
LOAD ./Core/Src/system_stm32l4xx.o
LOAD ./Core/Startup/startup_stm32l476rgtx.o
LOAD ./Core/ThreadSafe/newlib_lock_glue.o
LOAD ./Drivers/STM32L4xx_HAL_Driver/Src/stm32l4xx_hal.o
LOAD ./Drivers/STM32L4xx_HAL_Driver/Src/stm32l4xx_hal_cortex.o
LOAD ./Drivers/STM32L4xx_HAL_Driver/Src/stm32l4xx_hal_dma.o
LOAD ./Drivers/STM32L4xx_HAL_Driver/Src/stm32l4xx_hal_dma_ex.o
LOAD ./Drivers/STM32L4xx_HAL_Driver/Src/stm32l4xx_hal_exti.o
LOAD ./Drivers/STM32L4xx_HAL_Driver/Src/stm32l4xx_hal_flash.o
LOAD ./Drivers/STM32L4xx_HAL_Driver/Src/stm32l4xx_hal_flash_ex.o
LOAD ./Drivers/STM32L4xx_HAL_Driver/Src/stm32l4xx_hal_flash_ramfunc.o
LOAD ./Drivers/STM32L4xx_HAL_Driver/Src/stm32l4xx_hal_gpio.o
LOAD ./Drivers/STM32L4xx_HAL_Driver/Src/stm32l4xx_hal_i2c.o
LOAD ./Drivers/STM32L4xx_HAL_Driver/Src/stm32l4xx_hal_i2c_ex.o
LOAD ./Drivers/STM32L4xx_HAL_Driver/Src/stm32l4xx_hal_pwr.o
LOAD ./Drivers/STM32L4xx_HAL_Driver/Src/stm32l4xx_hal_pwr_ex.o
LOAD ./Drivers/STM32L4xx_HAL_Driver/Src/stm32l4xx_hal_rcc.o
LOAD ./Drivers/STM32L4xx_HAL_Driver/Src/stm32l4xx_hal_rcc_ex.o
LOAD ./Drivers/STM32L4xx_HAL_Driver/Src/stm32l4xx_hal_tim.o
LOAD ./Drivers/STM32L4xx_HAL_Driver/Src/stm32l4xx_hal_tim_ex.o
LOAD ./Drivers/STM32L4xx_HAL_Driver/Src/stm32l4xx_hal_uart.o
LOAD ./Drivers/STM32L4xx_HAL_Driver/Src/stm32l4xx_hal_uart_ex.o
LOAD ./Middlewares/Third_Party/FreeRTOS/Source/CMSIS_RTOS/cmsis_os.o
LOAD ./Middlewares/Third_Party/FreeRTOS/Source/croutine.o
LOAD ./Middlewares/Third_Party/FreeRTOS/Source/event_groups.o
LOAD ./Middlewares/Third_Party/FreeRTOS/Source/list.o
LOAD ./Middlewares/Third_Party/FreeRTOS/Source/queue.o
LOAD ./Middlewares/Third_Party/FreeRTOS/Source/stream_buffer.o
LOAD ./Middlewares/Third_Party/FreeRTOS/Source/tasks.o
LOAD ./Middlewares/Third_Party/FreeRTOS/Source/timers.o
LOAD ./Middlewares/Third_Party/FreeRTOS/Source/portable/GCC/ARM_CM4F/port.o
LOAD ./Middlewares/Third_Party/FreeRTOS/Source/portable/MemMang/heap_4.o
START GROUP
LOAD D:/ST/STM32CubeIDE_1.14.0/STM32CubeIDE/plugins/com.st.stm32cube.ide.mcu.externaltools.gnu-tools-for-stm32.11.3.rel1.win32_1.1.100.202309141235/tools/bin/../lib/gcc/arm-none-eabi/11.3.1/../../../../arm-none-eabi/lib/thumb/v7e-m+fp/hard\libstdc++_nano.a
LOAD D:/ST/STM32CubeIDE_1.14.0/STM32CubeIDE/plugins/com.st.stm32cube.ide.mcu.externaltools.gnu-tools-for-stm32.11.3.rel1.win32_1.1.100.202309141235/tools/bin/../lib/gcc/arm-none-eabi/11.3.1/../../../../arm-none-eabi/lib/thumb/v7e-m+fp/hard\libsupc++_nano.a
END GROUP
LOAD D:/ST/STM32CubeIDE_1.14.0/STM32CubeIDE/plugins/com.st.stm32cube.ide.mcu.externaltools.gnu-tools-for-stm32.11.3.rel1.win32_1.1.100.202309141235/tools/bin/../lib/gcc/arm-none-eabi/11.3.1/../../../../arm-none-eabi/lib/thumb/v7e-m+fp/hard\libstdc++_nano.a
LOAD D:/ST/STM32CubeIDE_1.14.0/STM32CubeIDE/plugins/com.st.stm32cube.ide.mcu.externaltools.gnu-tools-for-stm32.11.3.rel1.win32_1.1.100.202309141235/tools/bin/../lib/gcc/arm-none-eabi/11.3.1/../../../../arm-none-eabi/lib/thumb/v7e-m+fp/hard\libm.a
LOAD D:/ST/STM32CubeIDE_1.14.0/STM32CubeIDE/plugins/com.st.stm32cube.ide.mcu.externaltools.gnu-tools-for-stm32.11.3.rel1.win32_1.1.100.202309141235/tools/bin/../lib/gcc/arm-none-eabi/11.3.1/../../../../arm-none-eabi/lib/thumb/v7e-m+fp/hard\libc_nano.a
START GROUP
LOAD D:/ST/STM32CubeIDE_1.14.0/STM32CubeIDE/plugins/com.st.stm32cube.ide.mcu.externaltools.gnu-tools-for-stm32.11.3.rel1.win32_1.1.100.202309141235/tools/bin/../lib/gcc/arm-none-eabi/11.3.1/thumb/v7e-m+fp/hard\libgcc.a
LOAD D:/ST/STM32CubeIDE_1.14.0/STM32CubeIDE/plugins/com.st.stm32cube.ide.mcu.externaltools.gnu-tools-for-stm32.11.3.rel1.win32_1.1.100.202309141235/tools/bin/../lib/gcc/arm-none-eabi/11.3.1/../../../../arm-none-eabi/lib/thumb/v7e-m+fp/hard\libc_nano.a
END GROUP
START GROUP
LOAD D:/ST/STM32CubeIDE_1.14.0/STM32CubeIDE/plugins/com.st.stm32cube.ide.mcu.externaltools.gnu-tools-for-stm32.11.3.rel1.win32_1.1.100.202309141235/tools/bin/../lib/gcc/arm-none-eabi/11.3.1/thumb/v7e-m+fp/hard\libgcc.a
LOAD D:/ST/STM32CubeIDE_1.14.0/STM32CubeIDE/plugins/com.st.stm32cube.ide.mcu.externaltools.gnu-tools-for-stm32.11.3.rel1.win32_1.1.100.202309141235/tools/bin/../lib/gcc/arm-none-eabi/11.3.1/../../../../arm-none-eabi/lib/thumb/v7e-m+fp/hard\libc_nano.a
END GROUP
LOAD D:/ST/STM32CubeIDE_1.14.0/STM32CubeIDE/plugins/com.st.stm32cube.ide.mcu.externaltools.gnu-tools-for-stm32.11.3.rel1.win32_1.1.100.202309141235/tools/bin/../lib/gcc/arm-none-eabi/11.3.1/thumb/v7e-m+fp/hard/crtend.o
LOAD D:/ST/STM32CubeIDE_1.14.0/STM32CubeIDE/plugins/com.st.stm32cube.ide.mcu.externaltools.gnu-tools-for-stm32.11.3.rel1.win32_1.1.100.202309141235/tools/bin/../lib/gcc/arm-none-eabi/11.3.1/thumb/v7e-m+fp/hard/crtn.o
                0x0000000020018000                _estack = (ORIGIN (RAM) + LENGTH (RAM))
                0x0000000000000200                _Min_Heap_Size = 0x200
                0x0000000000000400                _Min_Stack_Size = 0x400

.isr_vector     0x0000000008000000      0x188
                0x0000000008000000                . = ALIGN (0x4)
 *(.isr_vector)
 .isr_vector    0x0000000008000000      0x188 ./Core/Startup/startup_stm32l476rgtx.o
                0x0000000008000000                g_pfnVectors
                0x0000000008000188                . = ALIGN (0x4)

.text           0x0000000008000190     0x56d4
                0x0000000008000190                . = ALIGN (0x4)
 *(.text)
 .text          0x0000000008000190       0x40 D:/ST/STM32CubeIDE_1.14.0/STM32CubeIDE/plugins/com.st.stm32cube.ide.mcu.externaltools.gnu-tools-for-stm32.11.3.rel1.win32_1.1.100.202309141235/tools/bin/../lib/gcc/arm-none-eabi/11.3.1/thumb/v7e-m+fp/hard/crtbegin.o
 .text          0x00000000080001d0       0x30 D:/ST/STM32CubeIDE_1.14.0/STM32CubeIDE/plugins/com.st.stm32cube.ide.mcu.externaltools.gnu-tools-for-stm32.11.3.rel1.win32_1.1.100.202309141235/tools/bin/../lib/gcc/arm-none-eabi/11.3.1/thumb/v7e-m+fp/hard\libgcc.a(_aeabi_uldivmod.o)
                0x00000000080001d0                __aeabi_uldivmod
 .text          0x0000000008000200      0x2c8 D:/ST/STM32CubeIDE_1.14.0/STM32CubeIDE/plugins/com.st.stm32cube.ide.mcu.externaltools.gnu-tools-for-stm32.11.3.rel1.win32_1.1.100.202309141235/tools/bin/../lib/gcc/arm-none-eabi/11.3.1/thumb/v7e-m+fp/hard\libgcc.a(_udivmoddi4.o)
                0x0000000008000200                __udivmoddi4
 .text          0x00000000080004c8        0x4 D:/ST/STM32CubeIDE_1.14.0/STM32CubeIDE/plugins/com.st.stm32cube.ide.mcu.externaltools.gnu-tools-for-stm32.11.3.rel1.win32_1.1.100.202309141235/tools/bin/../lib/gcc/arm-none-eabi/11.3.1/thumb/v7e-m+fp/hard\libgcc.a(_dvmd_tls.o)
                0x00000000080004c8                __aeabi_idiv0
                0x00000000080004c8                __aeabi_ldiv0
 *(.text*)
 .text.vApplicationGetIdleTaskMemory
                0x00000000080004cc       0x34 ./Core/Src/freertos.o
                0x00000000080004cc                vApplicationGetIdleTaskMemory
 .text.main     0x0000000008000500       0xc0 ./Core/Src/main.o
                0x0000000008000500                main
 .text.SystemClock_Config
                0x00000000080005c0       0xa4 ./Core/Src/main.o
                0x00000000080005c0                SystemClock_Config
 .text.MX_USART2_UART_Init
                0x0000000008000664       0x60 ./Core/Src/main.o
 .text.MX_GPIO_Init
                0x00000000080006c4       0xd0 ./Core/Src/main.o
 .text.StartDefaultTask
                0x0000000008000794       0x10 ./Core/Src/main.o
                0x0000000008000794                StartDefaultTask
 .text.StartTask02
                0x00000000080007a4       0x10 ./Core/Src/main.o
                0x00000000080007a4                StartTask02
 .text.StartTask03
                0x00000000080007b4       0x10 ./Core/Src/main.o
                0x00000000080007b4                StartTask03
 .text.HAL_TIM_PeriodElapsedCallback
                0x00000000080007c4       0x24 ./Core/Src/main.o
                0x00000000080007c4                HAL_TIM_PeriodElapsedCallback
 .text.Error_Handler
                0x00000000080007e8        0xa ./Core/Src/main.o
                0x00000000080007e8                Error_Handler
 *fill*         0x00000000080007f2        0x2 
 .text.HAL_MspInit
                0x00000000080007f4       0x50 ./Core/Src/stm32l4xx_hal_msp.o
                0x00000000080007f4                HAL_MspInit
 .text.HAL_UART_MspInit
                0x0000000008000844       0xb8 ./Core/Src/stm32l4xx_hal_msp.o
                0x0000000008000844                HAL_UART_MspInit
 .text.HAL_InitTick
                0x00000000080008fc       0xf4 ./Core/Src/stm32l4xx_hal_timebase_tim.o
                0x00000000080008fc                HAL_InitTick
 .text.NMI_Handler
                0x00000000080009f0        0x6 ./Core/Src/stm32l4xx_it.o
                0x00000000080009f0                NMI_Handler
 .text.HardFault_Handler
                0x00000000080009f6        0x6 ./Core/Src/stm32l4xx_it.o
                0x00000000080009f6                HardFault_Handler
 .text.MemManage_Handler
                0x00000000080009fc        0x6 ./Core/Src/stm32l4xx_it.o
                0x00000000080009fc                MemManage_Handler
 .text.BusFault_Handler
                0x0000000008000a02        0x6 ./Core/Src/stm32l4xx_it.o
                0x0000000008000a02                BusFault_Handler
 .text.UsageFault_Handler
                0x0000000008000a08        0x6 ./Core/Src/stm32l4xx_it.o
                0x0000000008000a08                UsageFault_Handler
 .text.DebugMon_Handler
                0x0000000008000a0e        0xe ./Core/Src/stm32l4xx_it.o
                0x0000000008000a0e                DebugMon_Handler
 .text.TIM5_IRQHandler
                0x0000000008000a1c       0x14 ./Core/Src/stm32l4xx_it.o
                0x0000000008000a1c                TIM5_IRQHandler
 .text.SystemInit
                0x0000000008000a30       0x24 ./Core/Src/system_stm32l4xx.o
                0x0000000008000a30                SystemInit
 .text.Reset_Handler
                0x0000000008000a54       0x50 ./Core/Startup/startup_stm32l476rgtx.o
                0x0000000008000a54                Reset_Handler
 .text.Default_Handler
                0x0000000008000aa4        0x2 ./Core/Startup/startup_stm32l476rgtx.o
                0x0000000008000aa4                RTC_Alarm_IRQHandler
                0x0000000008000aa4                EXTI2_IRQHandler
                0x0000000008000aa4                TIM8_TRG_COM_IRQHandler
                0x0000000008000aa4                TIM8_CC_IRQHandler
                0x0000000008000aa4                TIM1_CC_IRQHandler
                0x0000000008000aa4                TSC_IRQHandler
                0x0000000008000aa4                TAMP_STAMP_IRQHandler
                0x0000000008000aa4                EXTI3_IRQHandler
                0x0000000008000aa4                LPTIM2_IRQHandler
                0x0000000008000aa4                DFSDM1_FLT1_IRQHandler
                0x0000000008000aa4                I2C3_ER_IRQHandler
                0x0000000008000aa4                DFSDM1_FLT2_IRQHandler
                0x0000000008000aa4                EXTI0_IRQHandler
                0x0000000008000aa4                I2C2_EV_IRQHandler
                0x0000000008000aa4                CAN1_RX0_IRQHandler
                0x0000000008000aa4                FPU_IRQHandler
                0x0000000008000aa4                TIM1_UP_TIM16_IRQHandler
                0x0000000008000aa4                ADC1_2_IRQHandler
                0x0000000008000aa4                SPI1_IRQHandler
                0x0000000008000aa4                TIM6_DAC_IRQHandler
                0x0000000008000aa4                TIM8_UP_IRQHandler
                0x0000000008000aa4                DMA2_Channel2_IRQHandler
                0x0000000008000aa4                DMA1_Channel4_IRQHandler
                0x0000000008000aa4                SAI2_IRQHandler
                0x0000000008000aa4                DFSDM1_FLT3_IRQHandler
                0x0000000008000aa4                USART3_IRQHandler
                0x0000000008000aa4                DMA1_Channel7_IRQHandler
                0x0000000008000aa4                CAN1_RX1_IRQHandler
                0x0000000008000aa4                LCD_IRQHandler
                0x0000000008000aa4                UART5_IRQHandler
                0x0000000008000aa4                ADC3_IRQHandler
                0x0000000008000aa4                TIM4_IRQHandler
                0x0000000008000aa4                DMA2_Channel1_IRQHandler
                0x0000000008000aa4                QUADSPI_IRQHandler
                0x0000000008000aa4                I2C1_EV_IRQHandler
                0x0000000008000aa4                DMA1_Channel6_IRQHandler
                0x0000000008000aa4                UART4_IRQHandler
                0x0000000008000aa4                DMA2_Channel4_IRQHandler
                0x0000000008000aa4                TIM3_IRQHandler
                0x0000000008000aa4                RCC_IRQHandler
                0x0000000008000aa4                DMA1_Channel1_IRQHandler
                0x0000000008000aa4                Default_Handler
                0x0000000008000aa4                DMA2_Channel7_IRQHandler
                0x0000000008000aa4                EXTI15_10_IRQHandler
                0x0000000008000aa4                TIM7_IRQHandler
                0x0000000008000aa4                SDMMC1_IRQHandler
                0x0000000008000aa4                I2C3_EV_IRQHandler
                0x0000000008000aa4                EXTI9_5_IRQHandler
                0x0000000008000aa4                RTC_WKUP_IRQHandler
                0x0000000008000aa4                PVD_PVM_IRQHandler
                0x0000000008000aa4                SPI2_IRQHandler
                0x0000000008000aa4                CAN1_TX_IRQHandler
                0x0000000008000aa4                DMA2_Channel5_IRQHandler
                0x0000000008000aa4                DMA1_Channel5_IRQHandler
                0x0000000008000aa4                EXTI4_IRQHandler
                0x0000000008000aa4                RNG_IRQHandler
                0x0000000008000aa4                TIM1_TRG_COM_TIM17_IRQHandler
                0x0000000008000aa4                DMA1_Channel3_IRQHandler
                0x0000000008000aa4                COMP_IRQHandler
                0x0000000008000aa4                WWDG_IRQHandler
                0x0000000008000aa4                LPUART1_IRQHandler
                0x0000000008000aa4                DMA2_Channel6_IRQHandler
                0x0000000008000aa4                TIM2_IRQHandler
                0x0000000008000aa4                EXTI1_IRQHandler
                0x0000000008000aa4                USART2_IRQHandler
                0x0000000008000aa4                DFSDM1_FLT0_IRQHandler
                0x0000000008000aa4                I2C2_ER_IRQHandler
                0x0000000008000aa4                DMA1_Channel2_IRQHandler
                0x0000000008000aa4                TIM8_BRK_IRQHandler
                0x0000000008000aa4                CAN1_SCE_IRQHandler
                0x0000000008000aa4                FLASH_IRQHandler
                0x0000000008000aa4                USART1_IRQHandler
                0x0000000008000aa4                OTG_FS_IRQHandler
                0x0000000008000aa4                SPI3_IRQHandler
                0x0000000008000aa4                I2C1_ER_IRQHandler
                0x0000000008000aa4                FMC_IRQHandler
                0x0000000008000aa4                SWPMI1_IRQHandler
                0x0000000008000aa4                LPTIM1_IRQHandler
                0x0000000008000aa4                SAI1_IRQHandler
                0x0000000008000aa4                DMA2_Channel3_IRQHandler
                0x0000000008000aa4                TIM1_BRK_TIM15_IRQHandler
 .text.stm32_lock_acquire
                0x0000000008000aa6       0x60 ./Core/ThreadSafe/newlib_lock_glue.o
 .text.stm32_lock_release
                0x0000000008000b06       0x54 ./Core/ThreadSafe/newlib_lock_glue.o
 .text.__retarget_lock_acquire_recursive
                0x0000000008000b5a       0x28 ./Core/ThreadSafe/newlib_lock_glue.o
                0x0000000008000b5a                __retarget_lock_acquire_recursive
 .text.__retarget_lock_release_recursive
                0x0000000008000b82       0x28 ./Core/ThreadSafe/newlib_lock_glue.o
                0x0000000008000b82                __retarget_lock_release_recursive
 *fill*         0x0000000008000baa        0x2 
 .text.HAL_Init
                0x0000000008000bac       0x40 ./Drivers/STM32L4xx_HAL_Driver/Src/stm32l4xx_hal.o
                0x0000000008000bac                HAL_Init
 .text.HAL_IncTick
                0x0000000008000bec       0x28 ./Drivers/STM32L4xx_HAL_Driver/Src/stm32l4xx_hal.o
                0x0000000008000bec                HAL_IncTick
 .text.HAL_GetTick
                0x0000000008000c14       0x18 ./Drivers/STM32L4xx_HAL_Driver/Src/stm32l4xx_hal.o
                0x0000000008000c14                HAL_GetTick
 .text.__NVIC_SetPriorityGrouping
                0x0000000008000c2c       0x48 ./Drivers/STM32L4xx_HAL_Driver/Src/stm32l4xx_hal_cortex.o
 .text.__NVIC_GetPriorityGrouping
                0x0000000008000c74       0x1c ./Drivers/STM32L4xx_HAL_Driver/Src/stm32l4xx_hal_cortex.o
 .text.__NVIC_EnableIRQ
                0x0000000008000c90       0x3c ./Drivers/STM32L4xx_HAL_Driver/Src/stm32l4xx_hal_cortex.o
 .text.__NVIC_SetPriority
                0x0000000008000ccc       0x54 ./Drivers/STM32L4xx_HAL_Driver/Src/stm32l4xx_hal_cortex.o
 .text.NVIC_EncodePriority
                0x0000000008000d20       0x66 ./Drivers/STM32L4xx_HAL_Driver/Src/stm32l4xx_hal_cortex.o
 .text.HAL_NVIC_SetPriorityGrouping
                0x0000000008000d86       0x16 ./Drivers/STM32L4xx_HAL_Driver/Src/stm32l4xx_hal_cortex.o
                0x0000000008000d86                HAL_NVIC_SetPriorityGrouping
 .text.HAL_NVIC_SetPriority
                0x0000000008000d9c       0x38 ./Drivers/STM32L4xx_HAL_Driver/Src/stm32l4xx_hal_cortex.o
                0x0000000008000d9c                HAL_NVIC_SetPriority
 .text.HAL_NVIC_EnableIRQ
                0x0000000008000dd4       0x1c ./Drivers/STM32L4xx_HAL_Driver/Src/stm32l4xx_hal_cortex.o
                0x0000000008000dd4                HAL_NVIC_EnableIRQ
 .text.HAL_GPIO_Init
                0x0000000008000df0      0x354 ./Drivers/STM32L4xx_HAL_Driver/Src/stm32l4xx_hal_gpio.o
                0x0000000008000df0                HAL_GPIO_Init
 .text.HAL_GPIO_WritePin
                0x0000000008001144       0x30 ./Drivers/STM32L4xx_HAL_Driver/Src/stm32l4xx_hal_gpio.o
                0x0000000008001144                HAL_GPIO_WritePin
 .text.HAL_PWREx_GetVoltageRange
                0x0000000008001174       0x1c ./Drivers/STM32L4xx_HAL_Driver/Src/stm32l4xx_hal_pwr_ex.o
                0x0000000008001174                HAL_PWREx_GetVoltageRange
 .text.HAL_PWREx_ControlVoltageScaling
                0x0000000008001190       0xac ./Drivers/STM32L4xx_HAL_Driver/Src/stm32l4xx_hal_pwr_ex.o
                0x0000000008001190                HAL_PWREx_ControlVoltageScaling
 .text.HAL_RCC_OscConfig
                0x000000000800123c      0x7b8 ./Drivers/STM32L4xx_HAL_Driver/Src/stm32l4xx_hal_rcc.o
                0x000000000800123c                HAL_RCC_OscConfig
 .text.HAL_RCC_ClockConfig
                0x00000000080019f4      0x200 ./Drivers/STM32L4xx_HAL_Driver/Src/stm32l4xx_hal_rcc.o
                0x00000000080019f4                HAL_RCC_ClockConfig
 .text.HAL_RCC_GetSysClockFreq
                0x0000000008001bf4      0x118 ./Drivers/STM32L4xx_HAL_Driver/Src/stm32l4xx_hal_rcc.o
                0x0000000008001bf4                HAL_RCC_GetSysClockFreq
 .text.HAL_RCC_GetHCLKFreq
                0x0000000008001d0c       0x18 ./Drivers/STM32L4xx_HAL_Driver/Src/stm32l4xx_hal_rcc.o
                0x0000000008001d0c                HAL_RCC_GetHCLKFreq
 .text.HAL_RCC_GetPCLK1Freq
                0x0000000008001d24       0x2c ./Drivers/STM32L4xx_HAL_Driver/Src/stm32l4xx_hal_rcc.o
                0x0000000008001d24                HAL_RCC_GetPCLK1Freq
 .text.HAL_RCC_GetPCLK2Freq
                0x0000000008001d50       0x2c ./Drivers/STM32L4xx_HAL_Driver/Src/stm32l4xx_hal_rcc.o
                0x0000000008001d50                HAL_RCC_GetPCLK2Freq
 .text.HAL_RCC_GetClockConfig
                0x0000000008001d7c       0x64 ./Drivers/STM32L4xx_HAL_Driver/Src/stm32l4xx_hal_rcc.o
                0x0000000008001d7c                HAL_RCC_GetClockConfig
 .text.RCC_SetFlashLatencyFromMSIRange
                0x0000000008001de0       0xc0 ./Drivers/STM32L4xx_HAL_Driver/Src/stm32l4xx_hal_rcc.o
 .text.HAL_RCCEx_PeriphCLKConfig
                0x0000000008001ea0      0x5d4 ./Drivers/STM32L4xx_HAL_Driver/Src/stm32l4xx_hal_rcc_ex.o
                0x0000000008001ea0                HAL_RCCEx_PeriphCLKConfig
 .text.RCCEx_PLLSAI1_Config
                0x0000000008002474      0x1e8 ./Drivers/STM32L4xx_HAL_Driver/Src/stm32l4xx_hal_rcc_ex.o
 .text.RCCEx_PLLSAI2_Config
                0x000000000800265c      0x1bc ./Drivers/STM32L4xx_HAL_Driver/Src/stm32l4xx_hal_rcc_ex.o
 .text.HAL_TIM_Base_Init
                0x0000000008002818       0xae ./Drivers/STM32L4xx_HAL_Driver/Src/stm32l4xx_hal_tim.o
                0x0000000008002818                HAL_TIM_Base_Init
 .text.HAL_TIM_Base_MspInit
                0x00000000080028c6       0x14 ./Drivers/STM32L4xx_HAL_Driver/Src/stm32l4xx_hal_tim.o
                0x00000000080028c6                HAL_TIM_Base_MspInit
 *fill*         0x00000000080028da        0x2 
 .text.HAL_TIM_Base_Start_IT
                0x00000000080028dc       0xe0 ./Drivers/STM32L4xx_HAL_Driver/Src/stm32l4xx_hal_tim.o
                0x00000000080028dc                HAL_TIM_Base_Start_IT
 .text.HAL_TIM_IRQHandler
                0x00000000080029bc      0x204 ./Drivers/STM32L4xx_HAL_Driver/Src/stm32l4xx_hal_tim.o
                0x00000000080029bc                HAL_TIM_IRQHandler
 .text.HAL_TIM_OC_DelayElapsedCallback
                0x0000000008002bc0       0x14 ./Drivers/STM32L4xx_HAL_Driver/Src/stm32l4xx_hal_tim.o
                0x0000000008002bc0                HAL_TIM_OC_DelayElapsedCallback
 .text.HAL_TIM_IC_CaptureCallback
                0x0000000008002bd4       0x14 ./Drivers/STM32L4xx_HAL_Driver/Src/stm32l4xx_hal_tim.o
                0x0000000008002bd4                HAL_TIM_IC_CaptureCallback
 .text.HAL_TIM_PWM_PulseFinishedCallback
                0x0000000008002be8       0x14 ./Drivers/STM32L4xx_HAL_Driver/Src/stm32l4xx_hal_tim.o
                0x0000000008002be8                HAL_TIM_PWM_PulseFinishedCallback
 .text.HAL_TIM_TriggerCallback
                0x0000000008002bfc       0x14 ./Drivers/STM32L4xx_HAL_Driver/Src/stm32l4xx_hal_tim.o
                0x0000000008002bfc                HAL_TIM_TriggerCallback
 .text.TIM_Base_SetConfig
                0x0000000008002c10      0x134 ./Drivers/STM32L4xx_HAL_Driver/Src/stm32l4xx_hal_tim.o
                0x0000000008002c10                TIM_Base_SetConfig
 .text.HAL_TIMEx_CommutCallback
                0x0000000008002d44       0x14 ./Drivers/STM32L4xx_HAL_Driver/Src/stm32l4xx_hal_tim_ex.o
                0x0000000008002d44                HAL_TIMEx_CommutCallback
 .text.HAL_TIMEx_BreakCallback
                0x0000000008002d58       0x14 ./Drivers/STM32L4xx_HAL_Driver/Src/stm32l4xx_hal_tim_ex.o
                0x0000000008002d58                HAL_TIMEx_BreakCallback
 .text.HAL_TIMEx_Break2Callback
                0x0000000008002d6c       0x14 ./Drivers/STM32L4xx_HAL_Driver/Src/stm32l4xx_hal_tim_ex.o
                0x0000000008002d6c                HAL_TIMEx_Break2Callback
 .text.HAL_UART_Init
                0x0000000008002d80       0x9c ./Drivers/STM32L4xx_HAL_Driver/Src/stm32l4xx_hal_uart.o
                0x0000000008002d80                HAL_UART_Init
 .text.UART_SetConfig
                0x0000000008002e1c      0x570 ./Drivers/STM32L4xx_HAL_Driver/Src/stm32l4xx_hal_uart.o
                0x0000000008002e1c                UART_SetConfig
 .text.UART_AdvFeatureConfig
                0x000000000800338c      0x144 ./Drivers/STM32L4xx_HAL_Driver/Src/stm32l4xx_hal_uart.o
                0x000000000800338c                UART_AdvFeatureConfig
 .text.UART_CheckIdleState
                0x00000000080034d0      0x150 ./Drivers/STM32L4xx_HAL_Driver/Src/stm32l4xx_hal_uart.o
                0x00000000080034d0                UART_CheckIdleState
 .text.UART_WaitOnFlagUntilTimeout
                0x0000000008003620       0xce ./Drivers/STM32L4xx_HAL_Driver/Src/stm32l4xx_hal_uart.o
                0x0000000008003620                UART_WaitOnFlagUntilTimeout
 .text.UART_EndRxTransfer
                0x00000000080036ee       0xc8 ./Drivers/STM32L4xx_HAL_Driver/Src/stm32l4xx_hal_uart.o
 .text.makeFreeRtosPriority
                0x00000000080037b6       0x30 ./Middlewares/Third_Party/FreeRTOS/Source/CMSIS_RTOS/cmsis_os.o
 .text.osKernelStart
                0x00000000080037e6        0xe ./Middlewares/Third_Party/FreeRTOS/Source/CMSIS_RTOS/cmsis_os.o
                0x00000000080037e6                osKernelStart
 .text.osThreadCreate
                0x00000000080037f4       0x98 ./Middlewares/Third_Party/FreeRTOS/Source/CMSIS_RTOS/cmsis_os.o
                0x00000000080037f4                osThreadCreate
 .text.osDelay  0x000000000800388c       0x28 ./Middlewares/Third_Party/FreeRTOS/Source/CMSIS_RTOS/cmsis_os.o
                0x000000000800388c                osDelay
 .text.osSemaphoreCreate
                0x00000000080038b4       0x64 ./Middlewares/Third_Party/FreeRTOS/Source/CMSIS_RTOS/cmsis_os.o
                0x00000000080038b4                osSemaphoreCreate
 .text.vListInitialise
                0x0000000008003918       0x40 ./Middlewares/Third_Party/FreeRTOS/Source/list.o
                0x0000000008003918                vListInitialise
 .text.vListInitialiseItem
                0x0000000008003958       0x1a ./Middlewares/Third_Party/FreeRTOS/Source/list.o
                0x0000000008003958                vListInitialiseItem
 .text.vListInsertEnd
                0x0000000008003972       0x48 ./Middlewares/Third_Party/FreeRTOS/Source/list.o
                0x0000000008003972                vListInsertEnd
 .text.vListInsert
                0x00000000080039ba       0x72 ./Middlewares/Third_Party/FreeRTOS/Source/list.o
                0x00000000080039ba                vListInsert
 .text.uxListRemove
                0x0000000008003a2c       0x54 ./Middlewares/Third_Party/FreeRTOS/Source/list.o
                0x0000000008003a2c                uxListRemove
 .text.xQueueGenericReset
                0x0000000008003a80       0xd0 ./Middlewares/Third_Party/FreeRTOS/Source/queue.o
                0x0000000008003a80                xQueueGenericReset
 .text.xQueueGenericCreateStatic
                0x0000000008003b50       0xf0 ./Middlewares/Third_Party/FreeRTOS/Source/queue.o
                0x0000000008003b50                xQueueGenericCreateStatic
 .text.xQueueGenericCreate
                0x0000000008003c40       0x74 ./Middlewares/Third_Party/FreeRTOS/Source/queue.o
                0x0000000008003c40                xQueueGenericCreate
 .text.prvInitialiseNewQueue
                0x0000000008003cb4       0x3e ./Middlewares/Third_Party/FreeRTOS/Source/queue.o
 *fill*         0x0000000008003cf2        0x2 
 .text.xQueueGenericSend
                0x0000000008003cf4      0x1fc ./Middlewares/Third_Party/FreeRTOS/Source/queue.o
                0x0000000008003cf4                xQueueGenericSend
 .text.prvCopyDataToQueue
                0x0000000008003ef0       0xd4 ./Middlewares/Third_Party/FreeRTOS/Source/queue.o
 .text.prvUnlockQueue
                0x0000000008003fc4       0xa4 ./Middlewares/Third_Party/FreeRTOS/Source/queue.o
 .text.prvIsQueueFull
                0x0000000008004068       0x30 ./Middlewares/Third_Party/FreeRTOS/Source/queue.o
 .text.xTaskCreateStatic
                0x0000000008004098       0xba ./Middlewares/Third_Party/FreeRTOS/Source/tasks.o
                0x0000000008004098                xTaskCreateStatic
 .text.xTaskCreate
                0x0000000008004152       0x8a ./Middlewares/Third_Party/FreeRTOS/Source/tasks.o
                0x0000000008004152                xTaskCreate
 .text.prvInitialiseNewTask
                0x00000000080041dc      0x13c ./Middlewares/Third_Party/FreeRTOS/Source/tasks.o
 .text.prvAddNewTaskToReadyList
                0x0000000008004318       0xd4 ./Middlewares/Third_Party/FreeRTOS/Source/tasks.o
 .text.vTaskDelay
                0x00000000080043ec       0x68 ./Middlewares/Third_Party/FreeRTOS/Source/tasks.o
                0x00000000080043ec                vTaskDelay
 .text.vTaskStartScheduler
                0x0000000008004454       0xd4 ./Middlewares/Third_Party/FreeRTOS/Source/tasks.o
                0x0000000008004454                vTaskStartScheduler
 .text.vTaskSuspendAll
                0x0000000008004528       0x1c ./Middlewares/Third_Party/FreeRTOS/Source/tasks.o
                0x0000000008004528                vTaskSuspendAll
 .text.xTaskResumeAll
                0x0000000008004544      0x138 ./Middlewares/Third_Party/FreeRTOS/Source/tasks.o
                0x0000000008004544                xTaskResumeAll
 .text.xTaskIncrementTick
                0x000000000800467c      0x170 ./Middlewares/Third_Party/FreeRTOS/Source/tasks.o
                0x000000000800467c                xTaskIncrementTick
 .text.vTaskSwitchContext
                0x00000000080047ec       0xc4 ./Middlewares/Third_Party/FreeRTOS/Source/tasks.o
                0x00000000080047ec                vTaskSwitchContext
 .text.vTaskPlaceOnEventList
                0x00000000080048b0       0x48 ./Middlewares/Third_Party/FreeRTOS/Source/tasks.o
                0x00000000080048b0                vTaskPlaceOnEventList
 .text.xTaskRemoveFromEventList
                0x00000000080048f8       0xc4 ./Middlewares/Third_Party/FreeRTOS/Source/tasks.o
                0x00000000080048f8                xTaskRemoveFromEventList
 .text.vTaskInternalSetTimeOutState
                0x00000000080049bc       0x2c ./Middlewares/Third_Party/FreeRTOS/Source/tasks.o
                0x00000000080049bc                vTaskInternalSetTimeOutState
 .text.xTaskCheckForTimeOut
                0x00000000080049e8       0xc4 ./Middlewares/Third_Party/FreeRTOS/Source/tasks.o
                0x00000000080049e8                xTaskCheckForTimeOut
 .text.vTaskMissedYield
                0x0000000008004aac       0x18 ./Middlewares/Third_Party/FreeRTOS/Source/tasks.o
                0x0000000008004aac                vTaskMissedYield
 .text.prvIdleTask
                0x0000000008004ac4       0x30 ./Middlewares/Third_Party/FreeRTOS/Source/tasks.o
 .text.prvInitialiseTaskLists
                0x0000000008004af4       0x80 ./Middlewares/Third_Party/FreeRTOS/Source/tasks.o
 .text.prvCheckTasksWaitingTermination
                0x0000000008004b74       0x5c ./Middlewares/Third_Party/FreeRTOS/Source/tasks.o
 .text.prvDeleteTCB
                0x0000000008004bd0       0x68 ./Middlewares/Third_Party/FreeRTOS/Source/tasks.o
 .text.prvResetNextTaskUnblockTime
                0x0000000008004c38       0x40 ./Middlewares/Third_Party/FreeRTOS/Source/tasks.o
 .text.xTaskGetSchedulerState
                0x0000000008004c78       0x3c ./Middlewares/Third_Party/FreeRTOS/Source/tasks.o
                0x0000000008004c78                xTaskGetSchedulerState
 .text.xTaskPriorityDisinherit
                0x0000000008004cb4      0x10c ./Middlewares/Third_Party/FreeRTOS/Source/tasks.o
                0x0000000008004cb4                xTaskPriorityDisinherit
 .text.prvAddCurrentTaskToDelayedList
                0x0000000008004dc0       0xcc ./Middlewares/Third_Party/FreeRTOS/Source/tasks.o
 .text.pxPortInitialiseStack
                0x0000000008004e8c       0x68 ./Middlewares/Third_Party/FreeRTOS/Source/portable/GCC/ARM_CM4F/port.o
                0x0000000008004e8c                pxPortInitialiseStack
 .text.prvTaskExitError
                0x0000000008004ef4       0x58 ./Middlewares/Third_Party/FreeRTOS/Source/portable/GCC/ARM_CM4F/port.o
 *fill*         0x0000000008004f4c        0x4 
 .text.SVC_Handler
                0x0000000008004f50       0x28 ./Middlewares/Third_Party/FreeRTOS/Source/portable/GCC/ARM_CM4F/port.o
                0x0000000008004f50                SVC_Handler
 .text.prvPortStartFirstTask
                0x0000000008004f78       0x28 ./Middlewares/Third_Party/FreeRTOS/Source/portable/GCC/ARM_CM4F/port.o
 .text.xPortStartScheduler
                0x0000000008004fa0      0x144 ./Middlewares/Third_Party/FreeRTOS/Source/portable/GCC/ARM_CM4F/port.o
                0x0000000008004fa0                xPortStartScheduler
 .text.vPortEnterCritical
                0x00000000080050e4       0x60 ./Middlewares/Third_Party/FreeRTOS/Source/portable/GCC/ARM_CM4F/port.o
                0x00000000080050e4                vPortEnterCritical
 .text.vPortExitCritical
                0x0000000008005144       0x54 ./Middlewares/Third_Party/FreeRTOS/Source/portable/GCC/ARM_CM4F/port.o
                0x0000000008005144                vPortExitCritical
 *fill*         0x0000000008005198        0x8 
 .text.PendSV_Handler
                0x00000000080051a0       0x68 ./Middlewares/Third_Party/FreeRTOS/Source/portable/GCC/ARM_CM4F/port.o
                0x00000000080051a0                PendSV_Handler
 .text.SysTick_Handler
                0x0000000008005208       0x44 ./Middlewares/Third_Party/FreeRTOS/Source/portable/GCC/ARM_CM4F/port.o
                0x0000000008005208                SysTick_Handler
 .text.vPortSetupTimerInterrupt
                0x000000000800524c       0x48 ./Middlewares/Third_Party/FreeRTOS/Source/portable/GCC/ARM_CM4F/port.o
                0x000000000800524c                vPortSetupTimerInterrupt
 .text.vPortEnableVFP
                0x0000000008005294       0x14 ./Middlewares/Third_Party/FreeRTOS/Source/portable/GCC/ARM_CM4F/port.o
 .text.pvPortMalloc
                0x00000000080052a8      0x198 ./Middlewares/Third_Party/FreeRTOS/Source/portable/MemMang/heap_4.o
                0x00000000080052a8                pvPortMalloc
 .text.vPortFree
                0x0000000008005440       0xc4 ./Middlewares/Third_Party/FreeRTOS/Source/portable/MemMang/heap_4.o
                0x0000000008005440                vPortFree
 .text.prvHeapInit
                0x0000000008005504       0xc4 ./Middlewares/Third_Party/FreeRTOS/Source/portable/MemMang/heap_4.o
 .text.prvInsertBlockIntoFreeList
                0x00000000080055c8       0xb4 ./Middlewares/Third_Party/FreeRTOS/Source/portable/MemMang/heap_4.o
 .text.__malloc_lock
                0x000000000800567c        0xc D:/ST/STM32CubeIDE_1.14.0/STM32CubeIDE/plugins/com.st.stm32cube.ide.mcu.externaltools.gnu-tools-for-stm32.11.3.rel1.win32_1.1.100.202309141235/tools/bin/../lib/gcc/arm-none-eabi/11.3.1/../../../../arm-none-eabi/lib/thumb/v7e-m+fp/hard\libc_nano.a(libc_a-mlock.o)
                0x000000000800567c                __malloc_lock
 .text.__malloc_unlock
                0x0000000008005688        0xc D:/ST/STM32CubeIDE_1.14.0/STM32CubeIDE/plugins/com.st.stm32cube.ide.mcu.externaltools.gnu-tools-for-stm32.11.3.rel1.win32_1.1.100.202309141235/tools/bin/../lib/gcc/arm-none-eabi/11.3.1/../../../../arm-none-eabi/lib/thumb/v7e-m+fp/hard\libc_nano.a(libc_a-mlock.o)
                0x0000000008005688                __malloc_unlock
 .text.memset   0x0000000008005694       0x10 D:/ST/STM32CubeIDE_1.14.0/STM32CubeIDE/plugins/com.st.stm32cube.ide.mcu.externaltools.gnu-tools-for-stm32.11.3.rel1.win32_1.1.100.202309141235/tools/bin/../lib/gcc/arm-none-eabi/11.3.1/../../../../arm-none-eabi/lib/thumb/v7e-m+fp/hard\libc_nano.a(libc_a-memset.o)
                0x0000000008005694                memset
 .text._reclaim_reent
                0x00000000080056a4       0xac D:/ST/STM32CubeIDE_1.14.0/STM32CubeIDE/plugins/com.st.stm32cube.ide.mcu.externaltools.gnu-tools-for-stm32.11.3.rel1.win32_1.1.100.202309141235/tools/bin/../lib/gcc/arm-none-eabi/11.3.1/../../../../arm-none-eabi/lib/thumb/v7e-m+fp/hard\libc_nano.a(libc_a-reent.o)
                0x00000000080056a4                _reclaim_reent
 .text.__libc_init_array
                0x0000000008005750       0x48 D:/ST/STM32CubeIDE_1.14.0/STM32CubeIDE/plugins/com.st.stm32cube.ide.mcu.externaltools.gnu-tools-for-stm32.11.3.rel1.win32_1.1.100.202309141235/tools/bin/../lib/gcc/arm-none-eabi/11.3.1/../../../../arm-none-eabi/lib/thumb/v7e-m+fp/hard\libc_nano.a(libc_a-init.o)
                0x0000000008005750                __libc_init_array
 .text.memcpy   0x0000000008005798       0x1c D:/ST/STM32CubeIDE_1.14.0/STM32CubeIDE/plugins/com.st.stm32cube.ide.mcu.externaltools.gnu-tools-for-stm32.11.3.rel1.win32_1.1.100.202309141235/tools/bin/../lib/gcc/arm-none-eabi/11.3.1/../../../../arm-none-eabi/lib/thumb/v7e-m+fp/hard\libc_nano.a(libc_a-memcpy-stub.o)
                0x0000000008005798                memcpy
 .text._free_r  0x00000000080057b4       0x98 D:/ST/STM32CubeIDE_1.14.0/STM32CubeIDE/plugins/com.st.stm32cube.ide.mcu.externaltools.gnu-tools-for-stm32.11.3.rel1.win32_1.1.100.202309141235/tools/bin/../lib/gcc/arm-none-eabi/11.3.1/../../../../arm-none-eabi/lib/thumb/v7e-m+fp/hard\libc_nano.a(libc_a-freer.o)
                0x00000000080057b4                _free_r
 *(.glue_7)
 .glue_7        0x000000000800584c        0x0 linker stubs
 *(.glue_7t)
 .glue_7t       0x000000000800584c        0x0 linker stubs
 *(.eh_frame)
 .eh_frame      0x000000000800584c        0x0 D:/ST/STM32CubeIDE_1.14.0/STM32CubeIDE/plugins/com.st.stm32cube.ide.mcu.externaltools.gnu-tools-for-stm32.11.3.rel1.win32_1.1.100.202309141235/tools/bin/../lib/gcc/arm-none-eabi/11.3.1/thumb/v7e-m+fp/hard/crtbegin.o
 *(.init)
 .init          0x000000000800584c        0x4 D:/ST/STM32CubeIDE_1.14.0/STM32CubeIDE/plugins/com.st.stm32cube.ide.mcu.externaltools.gnu-tools-for-stm32.11.3.rel1.win32_1.1.100.202309141235/tools/bin/../lib/gcc/arm-none-eabi/11.3.1/thumb/v7e-m+fp/hard/crti.o
                0x000000000800584c                _init
 .init          0x0000000008005850        0x8 D:/ST/STM32CubeIDE_1.14.0/STM32CubeIDE/plugins/com.st.stm32cube.ide.mcu.externaltools.gnu-tools-for-stm32.11.3.rel1.win32_1.1.100.202309141235/tools/bin/../lib/gcc/arm-none-eabi/11.3.1/thumb/v7e-m+fp/hard/crtn.o
 *(.fini)
 .fini          0x0000000008005858        0x4 D:/ST/STM32CubeIDE_1.14.0/STM32CubeIDE/plugins/com.st.stm32cube.ide.mcu.externaltools.gnu-tools-for-stm32.11.3.rel1.win32_1.1.100.202309141235/tools/bin/../lib/gcc/arm-none-eabi/11.3.1/thumb/v7e-m+fp/hard/crti.o
                0x0000000008005858                _fini
 .fini          0x000000000800585c        0x8 D:/ST/STM32CubeIDE_1.14.0/STM32CubeIDE/plugins/com.st.stm32cube.ide.mcu.externaltools.gnu-tools-for-stm32.11.3.rel1.win32_1.1.100.202309141235/tools/bin/../lib/gcc/arm-none-eabi/11.3.1/thumb/v7e-m+fp/hard/crtn.o
                0x0000000008005864                . = ALIGN (0x4)
                0x0000000008005864                _etext = .

.vfp11_veneer   0x0000000008005864        0x0
 .vfp11_veneer  0x0000000008005864        0x0 linker stubs

.v4_bx          0x0000000008005864        0x0
 .v4_bx         0x0000000008005864        0x0 linker stubs

.iplt           0x0000000008005864        0x0
 .iplt          0x0000000008005864        0x0 D:/ST/STM32CubeIDE_1.14.0/STM32CubeIDE/plugins/com.st.stm32cube.ide.mcu.externaltools.gnu-tools-for-stm32.11.3.rel1.win32_1.1.100.202309141235/tools/bin/../lib/gcc/arm-none-eabi/11.3.1/thumb/v7e-m+fp/hard/crtbegin.o

.rodata         0x0000000008005864       0xc8
                0x0000000008005864                . = ALIGN (0x4)
 *(.rodata)
 .rodata        0x0000000008005864       0x78 ./Core/Src/main.o
 .rodata        0x00000000080058dc        0x5 ./Middlewares/Third_Party/FreeRTOS/Source/tasks.o
 *(.rodata*)
 *fill*         0x00000000080058e1        0x3 
 .rodata.AHBPrescTable
                0x00000000080058e4       0x10 ./Core/Src/system_stm32l4xx.o
                0x00000000080058e4                AHBPrescTable
 .rodata.APBPrescTable
                0x00000000080058f4        0x8 ./Core/Src/system_stm32l4xx.o
                0x00000000080058f4                APBPrescTable
 .rodata.MSIRangeTable
                0x00000000080058fc       0x30 ./Core/Src/system_stm32l4xx.o
                0x00000000080058fc                MSIRangeTable
                0x000000000800592c                . = ALIGN (0x4)

.ARM.extab      0x000000000800592c        0x0
                0x000000000800592c                . = ALIGN (0x4)
 *(.ARM.extab* .gnu.linkonce.armextab.*)
                0x000000000800592c                . = ALIGN (0x4)

.ARM            0x000000000800592c        0x8
                0x000000000800592c                . = ALIGN (0x4)
                0x000000000800592c                __exidx_start = .
 *(.ARM.exidx*)
 .ARM.exidx     0x000000000800592c        0x8 D:/ST/STM32CubeIDE_1.14.0/STM32CubeIDE/plugins/com.st.stm32cube.ide.mcu.externaltools.gnu-tools-for-stm32.11.3.rel1.win32_1.1.100.202309141235/tools/bin/../lib/gcc/arm-none-eabi/11.3.1/thumb/v7e-m+fp/hard\libgcc.a(_udivmoddi4.o)
                0x0000000008005934                __exidx_end = .
                0x0000000008005934                . = ALIGN (0x4)

.rel.dyn        0x0000000008005934        0x0
 .rel.iplt      0x0000000008005934        0x0 D:/ST/STM32CubeIDE_1.14.0/STM32CubeIDE/plugins/com.st.stm32cube.ide.mcu.externaltools.gnu-tools-for-stm32.11.3.rel1.win32_1.1.100.202309141235/tools/bin/../lib/gcc/arm-none-eabi/11.3.1/thumb/v7e-m+fp/hard/crtbegin.o

.preinit_array  0x0000000008005934        0x0
                0x0000000008005934                . = ALIGN (0x4)
                0x0000000008005934                PROVIDE (__preinit_array_start = .)
 *(.preinit_array*)
                0x0000000008005934                PROVIDE (__preinit_array_end = .)
                0x0000000008005934                . = ALIGN (0x4)

.init_array     0x0000000008005934        0x4
                0x0000000008005934                . = ALIGN (0x4)
                0x0000000008005934                PROVIDE (__init_array_start = .)
 *(SORT_BY_NAME(.init_array.*))
 *(.init_array*)
 .init_array    0x0000000008005934        0x4 D:/ST/STM32CubeIDE_1.14.0/STM32CubeIDE/plugins/com.st.stm32cube.ide.mcu.externaltools.gnu-tools-for-stm32.11.3.rel1.win32_1.1.100.202309141235/tools/bin/../lib/gcc/arm-none-eabi/11.3.1/thumb/v7e-m+fp/hard/crtbegin.o
                0x0000000008005938                PROVIDE (__init_array_end = .)
                0x0000000008005938                . = ALIGN (0x4)

.fini_array     0x0000000008005938        0x4
                0x0000000008005938                . = ALIGN (0x4)
                [!provide]                        PROVIDE (__fini_array_start = .)
 *(SORT_BY_NAME(.fini_array.*))
 *(.fini_array*)
 .fini_array    0x0000000008005938        0x4 D:/ST/STM32CubeIDE_1.14.0/STM32CubeIDE/plugins/com.st.stm32cube.ide.mcu.externaltools.gnu-tools-for-stm32.11.3.rel1.win32_1.1.100.202309141235/tools/bin/../lib/gcc/arm-none-eabi/11.3.1/thumb/v7e-m+fp/hard/crtbegin.o
                [!provide]                        PROVIDE (__fini_array_end = .)
                0x000000000800593c                . = ALIGN (0x4)
                0x000000000800593c                _sidata = LOADADDR (.data)

.data           0x0000000020000000       0x60 load address 0x000000000800593c
                0x0000000020000000                . = ALIGN (0x4)
                0x0000000020000000                _sdata = .
 *(.data)
 *(.data*)
 .data.SystemCoreClock
                0x0000000020000000        0x4 ./Core/Src/system_stm32l4xx.o
                0x0000000020000000                SystemCoreClock
 .data.uwTickPrio
                0x0000000020000004        0x4 ./Drivers/STM32L4xx_HAL_Driver/Src/stm32l4xx_hal.o
                0x0000000020000004                uwTickPrio
 .data.uwTickFreq
                0x0000000020000008        0x1 ./Drivers/STM32L4xx_HAL_Driver/Src/stm32l4xx_hal.o
                0x0000000020000008                uwTickFreq
 *fill*         0x0000000020000009        0x3 
 .data.uxCriticalNesting
                0x000000002000000c        0x4 ./Middlewares/Third_Party/FreeRTOS/Source/portable/GCC/ARM_CM4F/port.o
 .data._impure_data
                0x0000000020000010       0x4c D:/ST/STM32CubeIDE_1.14.0/STM32CubeIDE/plugins/com.st.stm32cube.ide.mcu.externaltools.gnu-tools-for-stm32.11.3.rel1.win32_1.1.100.202309141235/tools/bin/../lib/gcc/arm-none-eabi/11.3.1/../../../../arm-none-eabi/lib/thumb/v7e-m+fp/hard\libc_nano.a(libc_a-impure.o)
                0x0000000020000010                _impure_data
 .data._impure_ptr
                0x000000002000005c        0x4 D:/ST/STM32CubeIDE_1.14.0/STM32CubeIDE/plugins/com.st.stm32cube.ide.mcu.externaltools.gnu-tools-for-stm32.11.3.rel1.win32_1.1.100.202309141235/tools/bin/../lib/gcc/arm-none-eabi/11.3.1/../../../../arm-none-eabi/lib/thumb/v7e-m+fp/hard\libc_nano.a(libc_a-impure.o)
                0x000000002000005c                _impure_ptr
 *(.RamFunc)
 *(.RamFunc*)
                0x0000000020000060                . = ALIGN (0x4)
                0x0000000020000060                _edata = .

.igot.plt       0x0000000020000060        0x0 load address 0x000000000800599c
 .igot.plt      0x0000000020000060        0x0 D:/ST/STM32CubeIDE_1.14.0/STM32CubeIDE/plugins/com.st.stm32cube.ide.mcu.externaltools.gnu-tools-for-stm32.11.3.rel1.win32_1.1.100.202309141235/tools/bin/../lib/gcc/arm-none-eabi/11.3.1/thumb/v7e-m+fp/hard/crtbegin.o
                0x0000000020000060                . = ALIGN (0x4)

.bss            0x0000000020000060     0x11f8 load address 0x000000000800599c
                0x0000000020000060                _sbss = .
                0x0000000020000060                __bss_start__ = _sbss
 *(.bss)
 .bss           0x0000000020000060       0x1c D:/ST/STM32CubeIDE_1.14.0/STM32CubeIDE/plugins/com.st.stm32cube.ide.mcu.externaltools.gnu-tools-for-stm32.11.3.rel1.win32_1.1.100.202309141235/tools/bin/../lib/gcc/arm-none-eabi/11.3.1/thumb/v7e-m+fp/hard/crtbegin.o
 *(.bss*)
 .bss.xIdleTaskTCBBuffer
                0x000000002000007c       0xa0 ./Core/Src/freertos.o
 .bss.xIdleStack
                0x000000002000011c      0x200 ./Core/Src/freertos.o
 .bss.huart2    0x000000002000031c       0x88 ./Core/Src/main.o
                0x000000002000031c                huart2
 .bss.defaultTaskHandle
                0x00000000200003a4        0x4 ./Core/Src/main.o
                0x00000000200003a4                defaultTaskHandle
 .bss.high_taskHandle
                0x00000000200003a8        0x4 ./Core/Src/main.o
                0x00000000200003a8                high_taskHandle
 .bss.medium_taskHandle
                0x00000000200003ac        0x4 ./Core/Src/main.o
                0x00000000200003ac                medium_taskHandle
 .bss.BinSemaHandle
                0x00000000200003b0        0x4 ./Core/Src/main.o
                0x00000000200003b0                BinSemaHandle
 .bss.htim5     0x00000000200003b4       0x4c ./Core/Src/stm32l4xx_hal_timebase_tim.o
                0x00000000200003b4                htim5
 .bss.__lock___malloc_recursive_mutex
                0x0000000020000400        0xc ./Core/ThreadSafe/newlib_lock_glue.o
                0x0000000020000400                __lock___malloc_recursive_mutex
 .bss.uwTick    0x000000002000040c        0x4 ./Drivers/STM32L4xx_HAL_Driver/Src/stm32l4xx_hal.o
                0x000000002000040c                uwTick
 .bss.pxCurrentTCB
                0x0000000020000410        0x4 ./Middlewares/Third_Party/FreeRTOS/Source/tasks.o
                0x0000000020000410                pxCurrentTCB
 .bss.pxReadyTasksLists
                0x0000000020000414       0x8c ./Middlewares/Third_Party/FreeRTOS/Source/tasks.o
 .bss.xDelayedTaskList1
                0x00000000200004a0       0x14 ./Middlewares/Third_Party/FreeRTOS/Source/tasks.o
 .bss.xDelayedTaskList2
                0x00000000200004b4       0x14 ./Middlewares/Third_Party/FreeRTOS/Source/tasks.o
 .bss.pxDelayedTaskList
                0x00000000200004c8        0x4 ./Middlewares/Third_Party/FreeRTOS/Source/tasks.o
 .bss.pxOverflowDelayedTaskList
                0x00000000200004cc        0x4 ./Middlewares/Third_Party/FreeRTOS/Source/tasks.o
 .bss.xPendingReadyList
                0x00000000200004d0       0x14 ./Middlewares/Third_Party/FreeRTOS/Source/tasks.o
 .bss.xTasksWaitingTermination
                0x00000000200004e4       0x14 ./Middlewares/Third_Party/FreeRTOS/Source/tasks.o
 .bss.uxDeletedTasksWaitingCleanUp
                0x00000000200004f8        0x4 ./Middlewares/Third_Party/FreeRTOS/Source/tasks.o
 .bss.xSuspendedTaskList
                0x00000000200004fc       0x14 ./Middlewares/Third_Party/FreeRTOS/Source/tasks.o
 .bss.uxCurrentNumberOfTasks
                0x0000000020000510        0x4 ./Middlewares/Third_Party/FreeRTOS/Source/tasks.o
 .bss.xTickCount
                0x0000000020000514        0x4 ./Middlewares/Third_Party/FreeRTOS/Source/tasks.o
 .bss.uxTopReadyPriority
                0x0000000020000518        0x4 ./Middlewares/Third_Party/FreeRTOS/Source/tasks.o
 .bss.xSchedulerRunning
                0x000000002000051c        0x4 ./Middlewares/Third_Party/FreeRTOS/Source/tasks.o
 .bss.xPendedTicks
                0x0000000020000520        0x4 ./Middlewares/Third_Party/FreeRTOS/Source/tasks.o
 .bss.xYieldPending
                0x0000000020000524        0x4 ./Middlewares/Third_Party/FreeRTOS/Source/tasks.o
 .bss.xNumOfOverflows
                0x0000000020000528        0x4 ./Middlewares/Third_Party/FreeRTOS/Source/tasks.o
 .bss.uxTaskNumber
                0x000000002000052c        0x4 ./Middlewares/Third_Party/FreeRTOS/Source/tasks.o
 .bss.xNextTaskUnblockTime
                0x0000000020000530        0x4 ./Middlewares/Third_Party/FreeRTOS/Source/tasks.o
 .bss.xIdleTaskHandle
                0x0000000020000534        0x4 ./Middlewares/Third_Party/FreeRTOS/Source/tasks.o
 .bss.uxSchedulerSuspended
                0x0000000020000538        0x4 ./Middlewares/Third_Party/FreeRTOS/Source/tasks.o
 .bss.ucMaxSysCallPriority
                0x000000002000053c        0x1 ./Middlewares/Third_Party/FreeRTOS/Source/portable/GCC/ARM_CM4F/port.o
 *fill*         0x000000002000053d        0x3 
 .bss.ulMaxPRIGROUPValue
                0x0000000020000540        0x4 ./Middlewares/Third_Party/FreeRTOS/Source/portable/GCC/ARM_CM4F/port.o
 .bss.ucHeap    0x0000000020000544      0xbb8 ./Middlewares/Third_Party/FreeRTOS/Source/portable/MemMang/heap_4.o
 .bss.xStart    0x00000000200010fc        0x8 ./Middlewares/Third_Party/FreeRTOS/Source/portable/MemMang/heap_4.o
 .bss.pxEnd     0x0000000020001104        0x4 ./Middlewares/Third_Party/FreeRTOS/Source/portable/MemMang/heap_4.o
 .bss.xFreeBytesRemaining
                0x0000000020001108        0x4 ./Middlewares/Third_Party/FreeRTOS/Source/portable/MemMang/heap_4.o
 .bss.xMinimumEverFreeBytesRemaining
                0x000000002000110c        0x4 ./Middlewares/Third_Party/FreeRTOS/Source/portable/MemMang/heap_4.o
 .bss.xNumberOfSuccessfulAllocations
                0x0000000020001110        0x4 ./Middlewares/Third_Party/FreeRTOS/Source/portable/MemMang/heap_4.o
 .bss.xNumberOfSuccessfulFrees
                0x0000000020001114        0x4 ./Middlewares/Third_Party/FreeRTOS/Source/portable/MemMang/heap_4.o
 .bss.xBlockAllocatedBit
                0x0000000020001118        0x4 ./Middlewares/Third_Party/FreeRTOS/Source/portable/MemMang/heap_4.o
 .bss.__malloc_free_list
                0x000000002000111c        0x4 D:/ST/STM32CubeIDE_1.14.0/STM32CubeIDE/plugins/com.st.stm32cube.ide.mcu.externaltools.gnu-tools-for-stm32.11.3.rel1.win32_1.1.100.202309141235/tools/bin/../lib/gcc/arm-none-eabi/11.3.1/../../../../arm-none-eabi/lib/thumb/v7e-m+fp/hard\libc_nano.a(libc_a-mallocr.o)
                0x000000002000111c                __malloc_free_list
 .bss.__sf      0x0000000020001120      0x138 D:/ST/STM32CubeIDE_1.14.0/STM32CubeIDE/plugins/com.st.stm32cube.ide.mcu.externaltools.gnu-tools-for-stm32.11.3.rel1.win32_1.1.100.202309141235/tools/bin/../lib/gcc/arm-none-eabi/11.3.1/../../../../arm-none-eabi/lib/thumb/v7e-m+fp/hard\libc_nano.a(libc_a-findfp.o)
                0x0000000020001120                __sf
 *(COMMON)
                0x0000000020001258                . = ALIGN (0x4)
                0x0000000020001258                _ebss = .
                0x0000000020001258                __bss_end__ = _ebss

._user_heap_stack
                0x0000000020001258      0x600 load address 0x000000000800599c
                0x0000000020001258                . = ALIGN (0x8)
                [!provide]                        PROVIDE (end = .)
                0x0000000020001258                PROVIDE (_end = .)
                0x0000000020001458                . = (. + _Min_Heap_Size)
 *fill*         0x0000000020001258      0x200 
                0x0000000020001858                . = (. + _Min_Stack_Size)
 *fill*         0x0000000020001458      0x400 
                0x0000000020001858                . = ALIGN (0x8)

/DISCARD/
 libc.a(*)
 libm.a(*)
 libgcc.a(*)

.ARM.attributes
                0x0000000000000000       0x30
 *(.ARM.attributes)
 .ARM.attributes
                0x0000000000000000       0x1e D:/ST/STM32CubeIDE_1.14.0/STM32CubeIDE/plugins/com.st.stm32cube.ide.mcu.externaltools.gnu-tools-for-stm32.11.3.rel1.win32_1.1.100.202309141235/tools/bin/../lib/gcc/arm-none-eabi/11.3.1/thumb/v7e-m+fp/hard/crti.o
 .ARM.attributes
                0x000000000000001e       0x34 D:/ST/STM32CubeIDE_1.14.0/STM32CubeIDE/plugins/com.st.stm32cube.ide.mcu.externaltools.gnu-tools-for-stm32.11.3.rel1.win32_1.1.100.202309141235/tools/bin/../lib/gcc/arm-none-eabi/11.3.1/thumb/v7e-m+fp/hard/crtbegin.o
 .ARM.attributes
                0x0000000000000052       0x34 ./Core/Src/freertos.o
 .ARM.attributes
                0x0000000000000086       0x34 ./Core/Src/main.o
 .ARM.attributes
                0x00000000000000ba       0x34 ./Core/Src/stm32l4xx_hal_msp.o
 .ARM.attributes
                0x00000000000000ee       0x34 ./Core/Src/stm32l4xx_hal_timebase_tim.o
 .ARM.attributes
                0x0000000000000122       0x34 ./Core/Src/stm32l4xx_it.o
 .ARM.attributes
                0x0000000000000156       0x34 ./Core/Src/system_stm32l4xx.o
 .ARM.attributes
                0x000000000000018a       0x21 ./Core/Startup/startup_stm32l476rgtx.o
 .ARM.attributes
                0x00000000000001ab       0x34 ./Core/ThreadSafe/newlib_lock_glue.o
 .ARM.attributes
                0x00000000000001df       0x34 ./Drivers/STM32L4xx_HAL_Driver/Src/stm32l4xx_hal.o
 .ARM.attributes
                0x0000000000000213       0x34 ./Drivers/STM32L4xx_HAL_Driver/Src/stm32l4xx_hal_cortex.o
 .ARM.attributes
                0x0000000000000247       0x34 ./Drivers/STM32L4xx_HAL_Driver/Src/stm32l4xx_hal_gpio.o
 .ARM.attributes
                0x000000000000027b       0x34 ./Drivers/STM32L4xx_HAL_Driver/Src/stm32l4xx_hal_pwr_ex.o
 .ARM.attributes
                0x00000000000002af       0x34 ./Drivers/STM32L4xx_HAL_Driver/Src/stm32l4xx_hal_rcc.o
 .ARM.attributes
                0x00000000000002e3       0x34 ./Drivers/STM32L4xx_HAL_Driver/Src/stm32l4xx_hal_rcc_ex.o
 .ARM.attributes
                0x0000000000000317       0x34 ./Drivers/STM32L4xx_HAL_Driver/Src/stm32l4xx_hal_tim.o
 .ARM.attributes
                0x000000000000034b       0x34 ./Drivers/STM32L4xx_HAL_Driver/Src/stm32l4xx_hal_tim_ex.o
 .ARM.attributes
                0x000000000000037f       0x34 ./Drivers/STM32L4xx_HAL_Driver/Src/stm32l4xx_hal_uart.o
 .ARM.attributes
                0x00000000000003b3       0x34 ./Middlewares/Third_Party/FreeRTOS/Source/CMSIS_RTOS/cmsis_os.o
 .ARM.attributes
                0x00000000000003e7       0x34 ./Middlewares/Third_Party/FreeRTOS/Source/list.o
 .ARM.attributes
                0x000000000000041b       0x34 ./Middlewares/Third_Party/FreeRTOS/Source/queue.o
 .ARM.attributes
                0x000000000000044f       0x34 ./Middlewares/Third_Party/FreeRTOS/Source/tasks.o
 .ARM.attributes
                0x0000000000000483       0x34 ./Middlewares/Third_Party/FreeRTOS/Source/portable/GCC/ARM_CM4F/port.o
 .ARM.attributes
                0x00000000000004b7       0x34 ./Middlewares/Third_Party/FreeRTOS/Source/portable/MemMang/heap_4.o
 .ARM.attributes
                0x00000000000004eb       0x34 D:/ST/STM32CubeIDE_1.14.0/STM32CubeIDE/plugins/com.st.stm32cube.ide.mcu.externaltools.gnu-tools-for-stm32.11.3.rel1.win32_1.1.100.202309141235/tools/bin/../lib/gcc/arm-none-eabi/11.3.1/../../../../arm-none-eabi/lib/thumb/v7e-m+fp/hard\libc_nano.a(libc_a-mallocr.o)
 .ARM.attributes
                0x000000000000051f       0x34 D:/ST/STM32CubeIDE_1.14.0/STM32CubeIDE/plugins/com.st.stm32cube.ide.mcu.externaltools.gnu-tools-for-stm32.11.3.rel1.win32_1.1.100.202309141235/tools/bin/../lib/gcc/arm-none-eabi/11.3.1/../../../../arm-none-eabi/lib/thumb/v7e-m+fp/hard\libc_nano.a(libc_a-mlock.o)
 .ARM.attributes
                0x0000000000000553       0x34 D:/ST/STM32CubeIDE_1.14.0/STM32CubeIDE/plugins/com.st.stm32cube.ide.mcu.externaltools.gnu-tools-for-stm32.11.3.rel1.win32_1.1.100.202309141235/tools/bin/../lib/gcc/arm-none-eabi/11.3.1/../../../../arm-none-eabi/lib/thumb/v7e-m+fp/hard\libc_nano.a(libc_a-findfp.o)
 .ARM.attributes
                0x0000000000000587       0x34 D:/ST/STM32CubeIDE_1.14.0/STM32CubeIDE/plugins/com.st.stm32cube.ide.mcu.externaltools.gnu-tools-for-stm32.11.3.rel1.win32_1.1.100.202309141235/tools/bin/../lib/gcc/arm-none-eabi/11.3.1/../../../../arm-none-eabi/lib/thumb/v7e-m+fp/hard\libc_nano.a(libc_a-memset.o)
 .ARM.attributes
                0x00000000000005bb       0x34 D:/ST/STM32CubeIDE_1.14.0/STM32CubeIDE/plugins/com.st.stm32cube.ide.mcu.externaltools.gnu-tools-for-stm32.11.3.rel1.win32_1.1.100.202309141235/tools/bin/../lib/gcc/arm-none-eabi/11.3.1/../../../../arm-none-eabi/lib/thumb/v7e-m+fp/hard\libc_nano.a(libc_a-reent.o)
 .ARM.attributes
                0x00000000000005ef       0x34 D:/ST/STM32CubeIDE_1.14.0/STM32CubeIDE/plugins/com.st.stm32cube.ide.mcu.externaltools.gnu-tools-for-stm32.11.3.rel1.win32_1.1.100.202309141235/tools/bin/../lib/gcc/arm-none-eabi/11.3.1/../../../../arm-none-eabi/lib/thumb/v7e-m+fp/hard\libc_nano.a(libc_a-impure.o)
 .ARM.attributes
                0x0000000000000623       0x34 D:/ST/STM32CubeIDE_1.14.0/STM32CubeIDE/plugins/com.st.stm32cube.ide.mcu.externaltools.gnu-tools-for-stm32.11.3.rel1.win32_1.1.100.202309141235/tools/bin/../lib/gcc/arm-none-eabi/11.3.1/../../../../arm-none-eabi/lib/thumb/v7e-m+fp/hard\libc_nano.a(libc_a-init.o)
 .ARM.attributes
                0x0000000000000657       0x34 D:/ST/STM32CubeIDE_1.14.0/STM32CubeIDE/plugins/com.st.stm32cube.ide.mcu.externaltools.gnu-tools-for-stm32.11.3.rel1.win32_1.1.100.202309141235/tools/bin/../lib/gcc/arm-none-eabi/11.3.1/../../../../arm-none-eabi/lib/thumb/v7e-m+fp/hard\libc_nano.a(libc_a-memcpy-stub.o)
 .ARM.attributes
                0x000000000000068b       0x34 D:/ST/STM32CubeIDE_1.14.0/STM32CubeIDE/plugins/com.st.stm32cube.ide.mcu.externaltools.gnu-tools-for-stm32.11.3.rel1.win32_1.1.100.202309141235/tools/bin/../lib/gcc/arm-none-eabi/11.3.1/../../../../arm-none-eabi/lib/thumb/v7e-m+fp/hard\libc_nano.a(libc_a-freer.o)
 .ARM.attributes
                0x00000000000006bf       0x1e D:/ST/STM32CubeIDE_1.14.0/STM32CubeIDE/plugins/com.st.stm32cube.ide.mcu.externaltools.gnu-tools-for-stm32.11.3.rel1.win32_1.1.100.202309141235/tools/bin/../lib/gcc/arm-none-eabi/11.3.1/thumb/v7e-m+fp/hard\libgcc.a(_aeabi_uldivmod.o)
 .ARM.attributes
                0x00000000000006dd       0x34 D:/ST/STM32CubeIDE_1.14.0/STM32CubeIDE/plugins/com.st.stm32cube.ide.mcu.externaltools.gnu-tools-for-stm32.11.3.rel1.win32_1.1.100.202309141235/tools/bin/../lib/gcc/arm-none-eabi/11.3.1/thumb/v7e-m+fp/hard\libgcc.a(_udivmoddi4.o)
 .ARM.attributes
                0x0000000000000711       0x1e D:/ST/STM32CubeIDE_1.14.0/STM32CubeIDE/plugins/com.st.stm32cube.ide.mcu.externaltools.gnu-tools-for-stm32.11.3.rel1.win32_1.1.100.202309141235/tools/bin/../lib/gcc/arm-none-eabi/11.3.1/thumb/v7e-m+fp/hard\libgcc.a(_dvmd_tls.o)
 .ARM.attributes
                0x000000000000072f       0x1e D:/ST/STM32CubeIDE_1.14.0/STM32CubeIDE/plugins/com.st.stm32cube.ide.mcu.externaltools.gnu-tools-for-stm32.11.3.rel1.win32_1.1.100.202309141235/tools/bin/../lib/gcc/arm-none-eabi/11.3.1/thumb/v7e-m+fp/hard/crtn.o
OUTPUT(semaphores_example.elf elf32-littlearm)
LOAD linker stubs
LOAD D:/ST/STM32CubeIDE_1.14.0/STM32CubeIDE/plugins/com.st.stm32cube.ide.mcu.externaltools.gnu-tools-for-stm32.11.3.rel1.win32_1.1.100.202309141235/tools/bin/../lib/gcc/arm-none-eabi/11.3.1/../../../../arm-none-eabi/lib/thumb/v7e-m+fp/hard\libc.a
LOAD D:/ST/STM32CubeIDE_1.14.0/STM32CubeIDE/plugins/com.st.stm32cube.ide.mcu.externaltools.gnu-tools-for-stm32.11.3.rel1.win32_1.1.100.202309141235/tools/bin/../lib/gcc/arm-none-eabi/11.3.1/../../../../arm-none-eabi/lib/thumb/v7e-m+fp/hard\libm.a
LOAD D:/ST/STM32CubeIDE_1.14.0/STM32CubeIDE/plugins/com.st.stm32cube.ide.mcu.externaltools.gnu-tools-for-stm32.11.3.rel1.win32_1.1.100.202309141235/tools/bin/../lib/gcc/arm-none-eabi/11.3.1/thumb/v7e-m+fp/hard\libgcc.a

.comment        0x0000000000000000       0x43
 .comment       0x0000000000000000       0x43 D:/ST/STM32CubeIDE_1.14.0/STM32CubeIDE/plugins/com.st.stm32cube.ide.mcu.externaltools.gnu-tools-for-stm32.11.3.rel1.win32_1.1.100.202309141235/tools/bin/../lib/gcc/arm-none-eabi/11.3.1/thumb/v7e-m+fp/hard/crtbegin.o
                                         0x44 (size before relaxing)
 .comment       0x0000000000000043       0x44 ./Core/Src/freertos.o
 .comment       0x0000000000000043       0x44 ./Core/Src/main.o
 .comment       0x0000000000000043       0x44 ./Core/Src/stm32l4xx_hal_msp.o
 .comment       0x0000000000000043       0x44 ./Core/Src/stm32l4xx_hal_timebase_tim.o
 .comment       0x0000000000000043       0x44 ./Core/Src/stm32l4xx_it.o
 .comment       0x0000000000000043       0x44 ./Core/Src/system_stm32l4xx.o
 .comment       0x0000000000000043       0x44 ./Core/ThreadSafe/newlib_lock_glue.o
 .comment       0x0000000000000043       0x44 ./Drivers/STM32L4xx_HAL_Driver/Src/stm32l4xx_hal.o
 .comment       0x0000000000000043       0x44 ./Drivers/STM32L4xx_HAL_Driver/Src/stm32l4xx_hal_cortex.o
 .comment       0x0000000000000043       0x44 ./Drivers/STM32L4xx_HAL_Driver/Src/stm32l4xx_hal_gpio.o
 .comment       0x0000000000000043       0x44 ./Drivers/STM32L4xx_HAL_Driver/Src/stm32l4xx_hal_pwr_ex.o
 .comment       0x0000000000000043       0x44 ./Drivers/STM32L4xx_HAL_Driver/Src/stm32l4xx_hal_rcc.o
 .comment       0x0000000000000043       0x44 ./Drivers/STM32L4xx_HAL_Driver/Src/stm32l4xx_hal_rcc_ex.o
 .comment       0x0000000000000043       0x44 ./Drivers/STM32L4xx_HAL_Driver/Src/stm32l4xx_hal_tim.o
 .comment       0x0000000000000043       0x44 ./Drivers/STM32L4xx_HAL_Driver/Src/stm32l4xx_hal_tim_ex.o
 .comment       0x0000000000000043       0x44 ./Drivers/STM32L4xx_HAL_Driver/Src/stm32l4xx_hal_uart.o
 .comment       0x0000000000000043       0x44 ./Middlewares/Third_Party/FreeRTOS/Source/CMSIS_RTOS/cmsis_os.o
 .comment       0x0000000000000043       0x44 ./Middlewares/Third_Party/FreeRTOS/Source/list.o
 .comment       0x0000000000000043       0x44 ./Middlewares/Third_Party/FreeRTOS/Source/queue.o
 .comment       0x0000000000000043       0x44 ./Middlewares/Third_Party/FreeRTOS/Source/tasks.o
 .comment       0x0000000000000043       0x44 ./Middlewares/Third_Party/FreeRTOS/Source/portable/GCC/ARM_CM4F/port.o
 .comment       0x0000000000000043       0x44 ./Middlewares/Third_Party/FreeRTOS/Source/portable/MemMang/heap_4.o

.debug_info     0x0000000000000000    0x181d6
 .debug_info    0x0000000000000000      0x918 ./Core/Src/freertos.o
 .debug_info    0x0000000000000918     0x1e0f ./Core/Src/main.o
 .debug_info    0x0000000000002727      0xf7a ./Core/Src/stm32l4xx_hal_msp.o
 .debug_info    0x00000000000036a1      0xc7f ./Core/Src/stm32l4xx_hal_timebase_tim.o
 .debug_info    0x0000000000004320      0x6d1 ./Core/Src/stm32l4xx_it.o
 .debug_info    0x00000000000049f1      0x5b1 ./Core/Src/system_stm32l4xx.o
 .debug_info    0x0000000000004fa2       0x23 ./Core/Startup/startup_stm32l476rgtx.o
 .debug_info    0x0000000000004fc5      0x754 ./Core/ThreadSafe/newlib_lock_glue.o
 .debug_info    0x0000000000005719      0xc09 ./Drivers/STM32L4xx_HAL_Driver/Src/stm32l4xx_hal.o
 .debug_info    0x0000000000006322      0xd4c ./Drivers/STM32L4xx_HAL_Driver/Src/stm32l4xx_hal_cortex.o
 .debug_info    0x000000000000706e      0x757 ./Drivers/STM32L4xx_HAL_Driver/Src/stm32l4xx_hal_gpio.o
 .debug_info    0x00000000000077c5      0x99e ./Drivers/STM32L4xx_HAL_Driver/Src/stm32l4xx_hal_pwr_ex.o
 .debug_info    0x0000000000008163      0xc14 ./Drivers/STM32L4xx_HAL_Driver/Src/stm32l4xx_hal_rcc.o
 .debug_info    0x0000000000008d77      0xe11 ./Drivers/STM32L4xx_HAL_Driver/Src/stm32l4xx_hal_rcc_ex.o
 .debug_info    0x0000000000009b88     0x2a9a ./Drivers/STM32L4xx_HAL_Driver/Src/stm32l4xx_hal_tim.o
 .debug_info    0x000000000000c622     0x169e ./Drivers/STM32L4xx_HAL_Driver/Src/stm32l4xx_hal_tim_ex.o
 .debug_info    0x000000000000dcc0     0x3b69 ./Drivers/STM32L4xx_HAL_Driver/Src/stm32l4xx_hal_uart.o
 .debug_info    0x0000000000011829     0x21e1 ./Middlewares/Third_Party/FreeRTOS/Source/CMSIS_RTOS/cmsis_os.o
 .debug_info    0x0000000000013a0a      0x2af ./Middlewares/Third_Party/FreeRTOS/Source/list.o
 .debug_info    0x0000000000013cb9     0x17cd ./Middlewares/Third_Party/FreeRTOS/Source/queue.o
 .debug_info    0x0000000000015486     0x239d ./Middlewares/Third_Party/FreeRTOS/Source/tasks.o
 .debug_info    0x0000000000017823      0x4de ./Middlewares/Third_Party/FreeRTOS/Source/portable/GCC/ARM_CM4F/port.o
 .debug_info    0x0000000000017d01      0x4d5 ./Middlewares/Third_Party/FreeRTOS/Source/portable/MemMang/heap_4.o

.debug_abbrev   0x0000000000000000     0x354b
 .debug_abbrev  0x0000000000000000      0x16f ./Core/Src/freertos.o
 .debug_abbrev  0x000000000000016f      0x324 ./Core/Src/main.o
 .debug_abbrev  0x0000000000000493      0x1d8 ./Core/Src/stm32l4xx_hal_msp.o
 .debug_abbrev  0x000000000000066b      0x1f4 ./Core/Src/stm32l4xx_hal_timebase_tim.o
 .debug_abbrev  0x000000000000085f      0x17e ./Core/Src/stm32l4xx_it.o
 .debug_abbrev  0x00000000000009dd      0x11a ./Core/Src/system_stm32l4xx.o
 .debug_abbrev  0x0000000000000af7       0x12 ./Core/Startup/startup_stm32l476rgtx.o
 .debug_abbrev  0x0000000000000b09      0x2bf ./Core/ThreadSafe/newlib_lock_glue.o
 .debug_abbrev  0x0000000000000dc8      0x243 ./Drivers/STM32L4xx_HAL_Driver/Src/stm32l4xx_hal.o
 .debug_abbrev  0x000000000000100b      0x327 ./Drivers/STM32L4xx_HAL_Driver/Src/stm32l4xx_hal_cortex.o
 .debug_abbrev  0x0000000000001332      0x1cb ./Drivers/STM32L4xx_HAL_Driver/Src/stm32l4xx_hal_gpio.o
 .debug_abbrev  0x00000000000014fd      0x1f9 ./Drivers/STM32L4xx_HAL_Driver/Src/stm32l4xx_hal_pwr_ex.o
 .debug_abbrev  0x00000000000016f6      0x2cb ./Drivers/STM32L4xx_HAL_Driver/Src/stm32l4xx_hal_rcc.o
 .debug_abbrev  0x00000000000019c1      0x2a6 ./Drivers/STM32L4xx_HAL_Driver/Src/stm32l4xx_hal_rcc_ex.o
 .debug_abbrev  0x0000000000001c67      0x278 ./Drivers/STM32L4xx_HAL_Driver/Src/stm32l4xx_hal_tim.o
 .debug_abbrev  0x0000000000001edf      0x283 ./Drivers/STM32L4xx_HAL_Driver/Src/stm32l4xx_hal_tim_ex.o
 .debug_abbrev  0x0000000000002162      0x2d0 ./Drivers/STM32L4xx_HAL_Driver/Src/stm32l4xx_hal_uart.o
 .debug_abbrev  0x0000000000002432      0x426 ./Middlewares/Third_Party/FreeRTOS/Source/CMSIS_RTOS/cmsis_os.o
 .debug_abbrev  0x0000000000002858       0xf5 ./Middlewares/Third_Party/FreeRTOS/Source/list.o
 .debug_abbrev  0x000000000000294d      0x3b5 ./Middlewares/Third_Party/FreeRTOS/Source/queue.o
 .debug_abbrev  0x0000000000002d02      0x3d0 ./Middlewares/Third_Party/FreeRTOS/Source/tasks.o
 .debug_abbrev  0x00000000000030d2      0x25c ./Middlewares/Third_Party/FreeRTOS/Source/portable/GCC/ARM_CM4F/port.o
 .debug_abbrev  0x000000000000332e      0x21d ./Middlewares/Third_Party/FreeRTOS/Source/portable/MemMang/heap_4.o

.debug_aranges  0x0000000000000000     0x14a8
 .debug_aranges
                0x0000000000000000       0x20 ./Core/Src/freertos.o
 .debug_aranges
                0x0000000000000020       0x60 ./Core/Src/main.o
 .debug_aranges
                0x0000000000000080       0x30 ./Core/Src/stm32l4xx_hal_msp.o
 .debug_aranges
                0x00000000000000b0       0x30 ./Core/Src/stm32l4xx_hal_timebase_tim.o
 .debug_aranges
                0x00000000000000e0       0x50 ./Core/Src/stm32l4xx_it.o
 .debug_aranges
                0x0000000000000130       0x28 ./Core/Src/system_stm32l4xx.o
 .debug_aranges
                0x0000000000000158       0x28 ./Core/Startup/startup_stm32l476rgtx.o
 .debug_aranges
                0x0000000000000180       0xa0 ./Core/ThreadSafe/newlib_lock_glue.o
 .debug_aranges
                0x0000000000000220      0x130 ./Drivers/STM32L4xx_HAL_Driver/Src/stm32l4xx_hal.o
 .debug_aranges
                0x0000000000000350      0x118 ./Drivers/STM32L4xx_HAL_Driver/Src/stm32l4xx_hal_cortex.o
 .debug_aranges
                0x0000000000000468       0x58 ./Drivers/STM32L4xx_HAL_Driver/Src/stm32l4xx_hal_gpio.o
 .debug_aranges
                0x00000000000004c0      0x160 ./Drivers/STM32L4xx_HAL_Driver/Src/stm32l4xx_hal_pwr_ex.o
 .debug_aranges
                0x0000000000000620       0x90 ./Drivers/STM32L4xx_HAL_Driver/Src/stm32l4xx_hal_rcc.o
 .debug_aranges
                0x00000000000006b0       0xc0 ./Drivers/STM32L4xx_HAL_Driver/Src/stm32l4xx_hal_rcc_ex.o
 .debug_aranges
                0x0000000000000770      0x3e0 ./Drivers/STM32L4xx_HAL_Driver/Src/stm32l4xx_hal_tim.o
 .debug_aranges
                0x0000000000000b50      0x180 ./Drivers/STM32L4xx_HAL_Driver/Src/stm32l4xx_hal_tim_ex.o
 .debug_aranges
                0x0000000000000cd0      0x228 ./Drivers/STM32L4xx_HAL_Driver/Src/stm32l4xx_hal_uart.o
 .debug_aranges
                0x0000000000000ef8      0x1d8 ./Middlewares/Third_Party/FreeRTOS/Source/CMSIS_RTOS/cmsis_os.o
 .debug_aranges
                0x00000000000010d0       0x40 ./Middlewares/Third_Party/FreeRTOS/Source/list.o
 .debug_aranges
                0x0000000000001110      0x108 ./Middlewares/Third_Party/FreeRTOS/Source/queue.o
 .debug_aranges
                0x0000000000001218      0x1b8 ./Middlewares/Third_Party/FreeRTOS/Source/tasks.o
 .debug_aranges
                0x00000000000013d0       0x80 ./Middlewares/Third_Party/FreeRTOS/Source/portable/GCC/ARM_CM4F/port.o
 .debug_aranges
                0x0000000000001450       0x58 ./Middlewares/Third_Party/FreeRTOS/Source/portable/MemMang/heap_4.o

.debug_rnglists
                0x0000000000000000     0x100a
 .debug_rnglists
                0x0000000000000000       0x13 ./Core/Src/freertos.o
 .debug_rnglists
                0x0000000000000013       0x46 ./Core/Src/main.o
 .debug_rnglists
                0x0000000000000059       0x20 ./Core/Src/stm32l4xx_hal_msp.o
 .debug_rnglists
                0x0000000000000079       0x20 ./Core/Src/stm32l4xx_hal_timebase_tim.o
 .debug_rnglists
                0x0000000000000099       0x37 ./Core/Src/stm32l4xx_it.o
 .debug_rnglists
                0x00000000000000d0       0x1a ./Core/Src/system_stm32l4xx.o
 .debug_rnglists
                0x00000000000000ea       0x19 ./Core/Startup/startup_stm32l476rgtx.o
 .debug_rnglists
                0x0000000000000103       0x74 ./Core/ThreadSafe/newlib_lock_glue.o
 .debug_rnglists
                0x0000000000000177       0xdf ./Drivers/STM32L4xx_HAL_Driver/Src/stm32l4xx_hal.o
 .debug_rnglists
                0x0000000000000256       0xce ./Drivers/STM32L4xx_HAL_Driver/Src/stm32l4xx_hal_cortex.o
 .debug_rnglists
                0x0000000000000324       0x3f ./Drivers/STM32L4xx_HAL_Driver/Src/stm32l4xx_hal_gpio.o
 .debug_rnglists
                0x0000000000000363      0x109 ./Drivers/STM32L4xx_HAL_Driver/Src/stm32l4xx_hal_pwr_ex.o
 .debug_rnglists
                0x000000000000046c       0x6d ./Drivers/STM32L4xx_HAL_Driver/Src/stm32l4xx_hal_rcc.o
 .debug_rnglists
                0x00000000000004d9       0x95 ./Drivers/STM32L4xx_HAL_Driver/Src/stm32l4xx_hal_rcc_ex.o
 .debug_rnglists
                0x000000000000056e      0x328 ./Drivers/STM32L4xx_HAL_Driver/Src/stm32l4xx_hal_tim.o
 .debug_rnglists
                0x0000000000000896      0x139 ./Drivers/STM32L4xx_HAL_Driver/Src/stm32l4xx_hal_tim_ex.o
 .debug_rnglists
                0x00000000000009cf      0x1db ./Drivers/STM32L4xx_HAL_Driver/Src/stm32l4xx_hal_uart.o
 .debug_rnglists
                0x0000000000000baa      0x16a ./Middlewares/Third_Party/FreeRTOS/Source/CMSIS_RTOS/cmsis_os.o
 .debug_rnglists
                0x0000000000000d14       0x2b ./Middlewares/Third_Party/FreeRTOS/Source/list.o
 .debug_rnglists
                0x0000000000000d3f       0xcd ./Middlewares/Third_Party/FreeRTOS/Source/queue.o
 .debug_rnglists
                0x0000000000000e0c      0x15f ./Middlewares/Third_Party/FreeRTOS/Source/tasks.o
 .debug_rnglists
                0x0000000000000f6b       0x5d ./Middlewares/Third_Party/FreeRTOS/Source/portable/GCC/ARM_CM4F/port.o
 .debug_rnglists
                0x0000000000000fc8       0x42 ./Middlewares/Third_Party/FreeRTOS/Source/portable/MemMang/heap_4.o

.debug_macro    0x0000000000000000    0x2862d
 .debug_macro   0x0000000000000000      0x2d4 ./Core/Src/freertos.o
 .debug_macro   0x00000000000002d4      0xaae ./Core/Src/freertos.o
 .debug_macro   0x0000000000000d82      0x174 ./Core/Src/freertos.o
 .debug_macro   0x0000000000000ef6       0x22 ./Core/Src/freertos.o
 .debug_macro   0x0000000000000f18       0x8e ./Core/Src/freertos.o
 .debug_macro   0x0000000000000fa6       0x51 ./Core/Src/freertos.o
 .debug_macro   0x0000000000000ff7      0x103 ./Core/Src/freertos.o
 .debug_macro   0x00000000000010fa       0x6a ./Core/Src/freertos.o
 .debug_macro   0x0000000000001164      0x1df ./Core/Src/freertos.o
 .debug_macro   0x0000000000001343       0xf1 ./Core/Src/freertos.o
 .debug_macro   0x0000000000001434      0x15a ./Core/Src/freertos.o
 .debug_macro   0x000000000000158e       0xde ./Core/Src/freertos.o
 .debug_macro   0x000000000000166c       0x1c ./Core/Src/freertos.o
 .debug_macro   0x0000000000001688       0x26 ./Core/Src/freertos.o
 .debug_macro   0x00000000000016ae       0x61 ./Core/Src/freertos.o
 .debug_macro   0x000000000000170f       0x2a ./Core/Src/freertos.o
 .debug_macro   0x0000000000001739       0x43 ./Core/Src/freertos.o
 .debug_macro   0x000000000000177c       0x34 ./Core/Src/freertos.o
 .debug_macro   0x00000000000017b0       0x16 ./Core/Src/freertos.o
 .debug_macro   0x00000000000017c6       0x43 ./Core/Src/freertos.o
 .debug_macro   0x0000000000001809       0x34 ./Core/Src/freertos.o
 .debug_macro   0x000000000000183d       0x10 ./Core/Src/freertos.o
 .debug_macro   0x000000000000184d       0x58 ./Core/Src/freertos.o
 .debug_macro   0x00000000000018a5       0x8e ./Core/Src/freertos.o
 .debug_macro   0x0000000000001933       0x1c ./Core/Src/freertos.o
 .debug_macro   0x000000000000194f      0x177 ./Core/Src/freertos.o
 .debug_macro   0x0000000000001ac6       0x10 ./Core/Src/freertos.o
 .debug_macro   0x0000000000001ad6       0x35 ./Core/Src/freertos.o
 .debug_macro   0x0000000000001b0b      0x4fe ./Core/Src/freertos.o
 .debug_macro   0x0000000000002009       0xb5 ./Core/Src/freertos.o
 .debug_macro   0x00000000000020be       0xaa ./Core/Src/freertos.o
 .debug_macro   0x0000000000002168      0x1a7 ./Core/Src/freertos.o
 .debug_macro   0x000000000000230f       0x2e ./Core/Src/freertos.o
 .debug_macro   0x000000000000233d       0x28 ./Core/Src/freertos.o
 .debug_macro   0x0000000000002365       0x1c ./Core/Src/freertos.o
 .debug_macro   0x0000000000002381       0x22 ./Core/Src/freertos.o
 .debug_macro   0x00000000000023a3       0xfb ./Core/Src/freertos.o
 .debug_macro   0x000000000000249e     0x1011 ./Core/Src/freertos.o
 .debug_macro   0x00000000000034af      0x11f ./Core/Src/freertos.o
 .debug_macro   0x00000000000035ce    0x1a17a ./Core/Src/freertos.o
 .debug_macro   0x000000000001d748       0x6d ./Core/Src/freertos.o
 .debug_macro   0x000000000001d7b5     0x38e6 ./Core/Src/freertos.o
 .debug_macro   0x000000000002109b       0x5c ./Core/Src/freertos.o
 .debug_macro   0x00000000000210f7     0x159e ./Core/Src/freertos.o
 .debug_macro   0x0000000000022695      0x5a5 ./Core/Src/freertos.o
 .debug_macro   0x0000000000022c3a      0x1b9 ./Core/Src/freertos.o
 .debug_macro   0x0000000000022df3      0x18b ./Core/Src/freertos.o
 .debug_macro   0x0000000000022f7e      0x26b ./Core/Src/freertos.o
 .debug_macro   0x00000000000231e9      0x23d ./Core/Src/freertos.o
 .debug_macro   0x0000000000023426      0x241 ./Core/Src/freertos.o
 .debug_macro   0x0000000000023667      0x37c ./Core/Src/freertos.o
 .debug_macro   0x00000000000239e3       0xd6 ./Core/Src/freertos.o
 .debug_macro   0x0000000000023ab9      0x122 ./Core/Src/freertos.o
 .debug_macro   0x0000000000023bdb      0x3ef ./Core/Src/freertos.o
 .debug_macro   0x0000000000023fca      0xa98 ./Core/Src/freertos.o
 .debug_macro   0x0000000000024a62      0x1e6 ./Core/Src/freertos.o
 .debug_macro   0x0000000000024c48      0x5cf ./Core/Src/freertos.o
 .debug_macro   0x0000000000025217       0x44 ./Core/Src/freertos.o
 .debug_macro   0x000000000002525b      0x330 ./Core/Src/freertos.o
 .debug_macro   0x000000000002558b       0x58 ./Core/Src/freertos.o
 .debug_macro   0x00000000000255e3      0x31f ./Core/Src/main.o
 .debug_macro   0x0000000000025902       0xf1 ./Core/Src/main.o
 .debug_macro   0x00000000000259f3       0x91 ./Core/Src/main.o
 .debug_macro   0x0000000000025a84       0x8d ./Core/Src/main.o
 .debug_macro   0x0000000000025b11       0x7e ./Core/Src/main.o
 .debug_macro   0x0000000000025b8f       0x19 ./Core/Src/main.o
 .debug_macro   0x0000000000025ba8       0xf2 ./Core/Src/main.o
 .debug_macro   0x0000000000025c9a      0x1cf ./Core/Src/stm32l4xx_hal_msp.o
 .debug_macro   0x0000000000025e69      0x1c0 ./Core/Src/stm32l4xx_hal_timebase_tim.o
 .debug_macro   0x0000000000026029      0x1d9 ./Core/Src/stm32l4xx_it.o
 .debug_macro   0x0000000000026202      0x1c0 ./Core/Src/system_stm32l4xx.o
 .debug_macro   0x00000000000263c2      0x202 ./Core/ThreadSafe/newlib_lock_glue.o
 .debug_macro   0x00000000000265c4      0x118 ./Core/ThreadSafe/newlib_lock_glue.o
 .debug_macro   0x00000000000266dc       0x22 ./Core/ThreadSafe/newlib_lock_glue.o
 .debug_macro   0x00000000000266fe       0x27 ./Core/ThreadSafe/newlib_lock_glue.o
 .debug_macro   0x0000000000026725      0x20e ./Drivers/STM32L4xx_HAL_Driver/Src/stm32l4xx_hal.o
 .debug_macro   0x0000000000026933      0x1c0 ./Drivers/STM32L4xx_HAL_Driver/Src/stm32l4xx_hal_cortex.o
 .debug_macro   0x0000000000026af3      0x1c7 ./Drivers/STM32L4xx_HAL_Driver/Src/stm32l4xx_hal_gpio.o
 .debug_macro   0x0000000000026cba      0x1e4 ./Drivers/STM32L4xx_HAL_Driver/Src/stm32l4xx_hal_pwr_ex.o
 .debug_macro   0x0000000000026e9e      0x202 ./Drivers/STM32L4xx_HAL_Driver/Src/stm32l4xx_hal_rcc.o
 .debug_macro   0x00000000000270a0      0x1f6 ./Drivers/STM32L4xx_HAL_Driver/Src/stm32l4xx_hal_rcc_ex.o
 .debug_macro   0x0000000000027296      0x1c1 ./Drivers/STM32L4xx_HAL_Driver/Src/stm32l4xx_hal_tim.o
 .debug_macro   0x0000000000027457      0x1c0 ./Drivers/STM32L4xx_HAL_Driver/Src/stm32l4xx_hal_tim_ex.o
 .debug_macro   0x0000000000027617      0x1eb ./Drivers/STM32L4xx_HAL_Driver/Src/stm32l4xx_hal_uart.o
 .debug_macro   0x0000000000027802      0x210 ./Middlewares/Third_Party/FreeRTOS/Source/CMSIS_RTOS/cmsis_os.o
 .debug_macro   0x0000000000027a12       0x10 ./Middlewares/Third_Party/FreeRTOS/Source/CMSIS_RTOS/cmsis_os.o
 .debug_macro   0x0000000000027a22       0x20 ./Middlewares/Third_Party/FreeRTOS/Source/CMSIS_RTOS/cmsis_os.o
 .debug_macro   0x0000000000027a42       0x16 ./Middlewares/Third_Party/FreeRTOS/Source/CMSIS_RTOS/cmsis_os.o
 .debug_macro   0x0000000000027a58       0xe9 ./Middlewares/Third_Party/FreeRTOS/Source/CMSIS_RTOS/cmsis_os.o
 .debug_macro   0x0000000000027b41      0x199 ./Middlewares/Third_Party/FreeRTOS/Source/list.o
 .debug_macro   0x0000000000027cda      0x228 ./Middlewares/Third_Party/FreeRTOS/Source/queue.o
 .debug_macro   0x0000000000027f02       0x16 ./Middlewares/Third_Party/FreeRTOS/Source/queue.o
 .debug_macro   0x0000000000027f18       0x87 ./Middlewares/Third_Party/FreeRTOS/Source/queue.o
 .debug_macro   0x0000000000027f9f      0x28b ./Middlewares/Third_Party/FreeRTOS/Source/tasks.o
 .debug_macro   0x000000000002822a       0x10 ./Middlewares/Third_Party/FreeRTOS/Source/tasks.o
 .debug_macro   0x000000000002823a      0x233 ./Middlewares/Third_Party/FreeRTOS/Source/portable/GCC/ARM_CM4F/port.o
 .debug_macro   0x000000000002846d      0x1c0 ./Middlewares/Third_Party/FreeRTOS/Source/portable/MemMang/heap_4.o

.debug_line     0x0000000000000000    0x17e14
 .debug_line    0x0000000000000000      0x97f ./Core/Src/freertos.o
 .debug_line    0x000000000000097f      0xb7f ./Core/Src/main.o
 .debug_line    0x00000000000014fe      0x7b0 ./Core/Src/stm32l4xx_hal_msp.o
 .debug_line    0x0000000000001cae      0x7c8 ./Core/Src/stm32l4xx_hal_timebase_tim.o
 .debug_line    0x0000000000002476      0x7ec ./Core/Src/stm32l4xx_it.o
 .debug_line    0x0000000000002c62      0x7e7 ./Core/Src/system_stm32l4xx.o
 .debug_line    0x0000000000003449       0x7a ./Core/Startup/startup_stm32l476rgtx.o
 .debug_line    0x00000000000034c3      0xaa1 ./Core/ThreadSafe/newlib_lock_glue.o
 .debug_line    0x0000000000003f64      0xb40 ./Drivers/STM32L4xx_HAL_Driver/Src/stm32l4xx_hal.o
 .debug_line    0x0000000000004aa4      0xce6 ./Drivers/STM32L4xx_HAL_Driver/Src/stm32l4xx_hal_cortex.o
 .debug_line    0x000000000000578a      0xbb3 ./Drivers/STM32L4xx_HAL_Driver/Src/stm32l4xx_hal_gpio.o
 .debug_line    0x000000000000633d      0xd37 ./Drivers/STM32L4xx_HAL_Driver/Src/stm32l4xx_hal_pwr_ex.o
 .debug_line    0x0000000000007074      0xfb6 ./Drivers/STM32L4xx_HAL_Driver/Src/stm32l4xx_hal_rcc.o
 .debug_line    0x000000000000802a     0x1530 ./Drivers/STM32L4xx_HAL_Driver/Src/stm32l4xx_hal_rcc_ex.o
 .debug_line    0x000000000000955a     0x3e19 ./Drivers/STM32L4xx_HAL_Driver/Src/stm32l4xx_hal_tim.o
 .debug_line    0x000000000000d373     0x1c4e ./Drivers/STM32L4xx_HAL_Driver/Src/stm32l4xx_hal_tim_ex.o
 .debug_line    0x000000000000efc1     0x321f ./Drivers/STM32L4xx_HAL_Driver/Src/stm32l4xx_hal_uart.o
 .debug_line    0x00000000000121e0     0x1271 ./Middlewares/Third_Party/FreeRTOS/Source/CMSIS_RTOS/cmsis_os.o
 .debug_line    0x0000000000013451      0x7a1 ./Middlewares/Third_Party/FreeRTOS/Source/list.o
 .debug_line    0x0000000000013bf2     0x1522 ./Middlewares/Third_Party/FreeRTOS/Source/queue.o
 .debug_line    0x0000000000015114     0x19d7 ./Middlewares/Third_Party/FreeRTOS/Source/tasks.o
 .debug_line    0x0000000000016aeb      0x961 ./Middlewares/Third_Party/FreeRTOS/Source/portable/GCC/ARM_CM4F/port.o
 .debug_line    0x000000000001744c      0x9c8 ./Middlewares/Third_Party/FreeRTOS/Source/portable/MemMang/heap_4.o

.debug_str      0x0000000000000000    0xfc6a2
 .debug_str     0x0000000000000000    0xefb6e ./Core/Src/freertos.o
                                      0xefe99 (size before relaxing)
 .debug_str     0x00000000000efb6e     0x30bb ./Core/Src/main.o
                                      0xf2fcd (size before relaxing)
 .debug_str     0x00000000000f2c29      0x738 ./Core/Src/stm32l4xx_hal_msp.o
                                      0xeaefd (size before relaxing)
 .debug_str     0x00000000000f3361      0x11a ./Core/Src/stm32l4xx_hal_timebase_tim.o
                                      0xeac77 (size before relaxing)
 .debug_str     0x00000000000f347b       0xb5 ./Core/Src/stm32l4xx_it.o
                                      0xea663 (size before relaxing)
 .debug_str     0x00000000000f3530       0xf2 ./Core/Src/system_stm32l4xx.o
                                      0xea1c7 (size before relaxing)
 .debug_str     0x00000000000f3622       0x34 ./Core/Startup/startup_stm32l476rgtx.o
                                         0x5f (size before relaxing)
 .debug_str     0x00000000000f3656     0x2f8f ./Core/ThreadSafe/newlib_lock_glue.o
                                       0xd376 (size before relaxing)
 .debug_str     0x00000000000f65e5      0x66d ./Drivers/STM32L4xx_HAL_Driver/Src/stm32l4xx_hal.o
                                      0xeadc6 (size before relaxing)
 .debug_str     0x00000000000f6c52      0x31e ./Drivers/STM32L4xx_HAL_Driver/Src/stm32l4xx_hal_cortex.o
                                      0xeaa0e (size before relaxing)
 .debug_str     0x00000000000f6f70      0x123 ./Drivers/STM32L4xx_HAL_Driver/Src/stm32l4xx_hal_gpio.o
                                      0xea340 (size before relaxing)
 .debug_str     0x00000000000f7093      0x4e3 ./Drivers/STM32L4xx_HAL_Driver/Src/stm32l4xx_hal_pwr_ex.o
                                      0xea722 (size before relaxing)
 .debug_str     0x00000000000f7576      0x30f ./Drivers/STM32L4xx_HAL_Driver/Src/stm32l4xx_hal_rcc.o
                                      0xea80d (size before relaxing)
 .debug_str     0x00000000000f7885      0x3bf ./Drivers/STM32L4xx_HAL_Driver/Src/stm32l4xx_hal_rcc_ex.o
                                      0xea986 (size before relaxing)
 .debug_str     0x00000000000f7c44      0xeb6 ./Drivers/STM32L4xx_HAL_Driver/Src/stm32l4xx_hal_tim.o
                                      0xeb507 (size before relaxing)
 .debug_str     0x00000000000f8afa      0x60d ./Drivers/STM32L4xx_HAL_Driver/Src/stm32l4xx_hal_tim_ex.o
                                      0xeae1b (size before relaxing)
 .debug_str     0x00000000000f9107      0x8cf ./Drivers/STM32L4xx_HAL_Driver/Src/stm32l4xx_hal_uart.o
                                      0xeaf1f (size before relaxing)
 .debug_str     0x00000000000f99d6      0x9a2 ./Middlewares/Third_Party/FreeRTOS/Source/CMSIS_RTOS/cmsis_os.o
                                       0xeb96 (size before relaxing)
 .debug_str     0x00000000000fa378      0x12d ./Middlewares/Third_Party/FreeRTOS/Source/list.o
                                       0xaab8 (size before relaxing)
 .debug_str     0x00000000000fa4a5      0x7ed ./Middlewares/Third_Party/FreeRTOS/Source/queue.o
                                       0xc44b (size before relaxing)
 .debug_str     0x00000000000fac92      0xf60 ./Middlewares/Third_Party/FreeRTOS/Source/tasks.o
                                       0xd172 (size before relaxing)
 .debug_str     0x00000000000fbbf2      0x783 ./Middlewares/Third_Party/FreeRTOS/Source/portable/GCC/ARM_CM4F/port.o
                                       0xa26c (size before relaxing)
 .debug_str     0x00000000000fc375      0x32d ./Middlewares/Third_Party/FreeRTOS/Source/portable/MemMang/heap_4.o
                                       0xb3fa (size before relaxing)

.debug_frame    0x0000000000000000     0x5860
 .debug_frame   0x0000000000000000       0x38 ./Core/Src/freertos.o
 .debug_frame   0x0000000000000038      0x134 ./Core/Src/main.o
 .debug_frame   0x000000000000016c       0x80 ./Core/Src/stm32l4xx_hal_msp.o
 .debug_frame   0x00000000000001ec       0x74 ./Core/Src/stm32l4xx_hal_timebase_tim.o
 .debug_frame   0x0000000000000260       0xc4 ./Core/Src/stm32l4xx_it.o
 .debug_frame   0x0000000000000324       0x58 ./Core/Src/system_stm32l4xx.o
 .debug_frame   0x000000000000037c      0x268 ./Core/ThreadSafe/newlib_lock_glue.o
 .debug_frame   0x00000000000005e4      0x498 ./Drivers/STM32L4xx_HAL_Driver/Src/stm32l4xx_hal.o
 .debug_frame   0x0000000000000a7c      0x498 ./Drivers/STM32L4xx_HAL_Driver/Src/stm32l4xx_hal_cortex.o
 .debug_frame   0x0000000000000f14      0x14c ./Drivers/STM32L4xx_HAL_Driver/Src/stm32l4xx_hal_gpio.o
 .debug_frame   0x0000000000001060      0x584 ./Drivers/STM32L4xx_HAL_Driver/Src/stm32l4xx_hal_pwr_ex.o
 .debug_frame   0x00000000000015e4      0x21c ./Drivers/STM32L4xx_HAL_Driver/Src/stm32l4xx_hal_rcc.o
 .debug_frame   0x0000000000001800      0x2fc ./Drivers/STM32L4xx_HAL_Driver/Src/stm32l4xx_hal_rcc_ex.o
 .debug_frame   0x0000000000001afc     0x1218 ./Drivers/STM32L4xx_HAL_Driver/Src/stm32l4xx_hal_tim.o
 .debug_frame   0x0000000000002d14      0x6b0 ./Drivers/STM32L4xx_HAL_Driver/Src/stm32l4xx_hal_tim_ex.o
 .debug_frame   0x00000000000033c4      0x9f4 ./Drivers/STM32L4xx_HAL_Driver/Src/stm32l4xx_hal_uart.o
 .debug_frame   0x0000000000003db8      0x80c ./Middlewares/Third_Party/FreeRTOS/Source/CMSIS_RTOS/cmsis_os.o
 .debug_frame   0x00000000000045c4       0xd8 ./Middlewares/Third_Party/FreeRTOS/Source/list.o
 .debug_frame   0x000000000000469c      0x46c ./Middlewares/Third_Party/FreeRTOS/Source/queue.o
 .debug_frame   0x0000000000004b08      0x77c ./Middlewares/Third_Party/FreeRTOS/Source/tasks.o
 .debug_frame   0x0000000000005284      0x1a8 ./Middlewares/Third_Party/FreeRTOS/Source/portable/GCC/ARM_CM4F/port.o
 .debug_frame   0x000000000000542c      0x12c ./Middlewares/Third_Party/FreeRTOS/Source/portable/MemMang/heap_4.o
 .debug_frame   0x0000000000005558       0x50 D:/ST/STM32CubeIDE_1.14.0/STM32CubeIDE/plugins/com.st.stm32cube.ide.mcu.externaltools.gnu-tools-for-stm32.11.3.rel1.win32_1.1.100.202309141235/tools/bin/../lib/gcc/arm-none-eabi/11.3.1/../../../../arm-none-eabi/lib/thumb/v7e-m+fp/hard\libc_nano.a(libc_a-mallocr.o)
 .debug_frame   0x00000000000055a8       0x30 D:/ST/STM32CubeIDE_1.14.0/STM32CubeIDE/plugins/com.st.stm32cube.ide.mcu.externaltools.gnu-tools-for-stm32.11.3.rel1.win32_1.1.100.202309141235/tools/bin/../lib/gcc/arm-none-eabi/11.3.1/../../../../arm-none-eabi/lib/thumb/v7e-m+fp/hard\libc_nano.a(libc_a-mlock.o)
 .debug_frame   0x00000000000055d8      0x144 D:/ST/STM32CubeIDE_1.14.0/STM32CubeIDE/plugins/com.st.stm32cube.ide.mcu.externaltools.gnu-tools-for-stm32.11.3.rel1.win32_1.1.100.202309141235/tools/bin/../lib/gcc/arm-none-eabi/11.3.1/../../../../arm-none-eabi/lib/thumb/v7e-m+fp/hard\libc_nano.a(libc_a-findfp.o)
 .debug_frame   0x000000000000571c       0x20 D:/ST/STM32CubeIDE_1.14.0/STM32CubeIDE/plugins/com.st.stm32cube.ide.mcu.externaltools.gnu-tools-for-stm32.11.3.rel1.win32_1.1.100.202309141235/tools/bin/../lib/gcc/arm-none-eabi/11.3.1/../../../../arm-none-eabi/lib/thumb/v7e-m+fp/hard\libc_nano.a(libc_a-memset.o)
 .debug_frame   0x000000000000573c       0x38 D:/ST/STM32CubeIDE_1.14.0/STM32CubeIDE/plugins/com.st.stm32cube.ide.mcu.externaltools.gnu-tools-for-stm32.11.3.rel1.win32_1.1.100.202309141235/tools/bin/../lib/gcc/arm-none-eabi/11.3.1/../../../../arm-none-eabi/lib/thumb/v7e-m+fp/hard\libc_nano.a(libc_a-reent.o)
 .debug_frame   0x0000000000005774       0x2c D:/ST/STM32CubeIDE_1.14.0/STM32CubeIDE/plugins/com.st.stm32cube.ide.mcu.externaltools.gnu-tools-for-stm32.11.3.rel1.win32_1.1.100.202309141235/tools/bin/../lib/gcc/arm-none-eabi/11.3.1/../../../../arm-none-eabi/lib/thumb/v7e-m+fp/hard\libc_nano.a(libc_a-init.o)
 .debug_frame   0x00000000000057a0       0x28 D:/ST/STM32CubeIDE_1.14.0/STM32CubeIDE/plugins/com.st.stm32cube.ide.mcu.externaltools.gnu-tools-for-stm32.11.3.rel1.win32_1.1.100.202309141235/tools/bin/../lib/gcc/arm-none-eabi/11.3.1/../../../../arm-none-eabi/lib/thumb/v7e-m+fp/hard\libc_nano.a(libc_a-memcpy-stub.o)
 .debug_frame   0x00000000000057c8       0x38 D:/ST/STM32CubeIDE_1.14.0/STM32CubeIDE/plugins/com.st.stm32cube.ide.mcu.externaltools.gnu-tools-for-stm32.11.3.rel1.win32_1.1.100.202309141235/tools/bin/../lib/gcc/arm-none-eabi/11.3.1/../../../../arm-none-eabi/lib/thumb/v7e-m+fp/hard\libc_nano.a(libc_a-freer.o)
 .debug_frame   0x0000000000005800       0x2c D:/ST/STM32CubeIDE_1.14.0/STM32CubeIDE/plugins/com.st.stm32cube.ide.mcu.externaltools.gnu-tools-for-stm32.11.3.rel1.win32_1.1.100.202309141235/tools/bin/../lib/gcc/arm-none-eabi/11.3.1/thumb/v7e-m+fp/hard\libgcc.a(_aeabi_uldivmod.o)
 .debug_frame   0x000000000000582c       0x34 D:/ST/STM32CubeIDE_1.14.0/STM32CubeIDE/plugins/com.st.stm32cube.ide.mcu.externaltools.gnu-tools-for-stm32.11.3.rel1.win32_1.1.100.202309141235/tools/bin/../lib/gcc/arm-none-eabi/11.3.1/thumb/v7e-m+fp/hard\libgcc.a(_udivmoddi4.o)

.debug_line_str
                0x0000000000000000       0x53
 .debug_line_str
                0x0000000000000000       0x53 ./Core/Startup/startup_stm32l476rgtx.o
                                         0x6b (size before relaxing)